---
source: src/compiler/mod.rs
assertion_line: 272
expression: "compile(&[r\"\nmodule Test exposing (main)\n\ntest = 1 - 2 + 3 * 4 * 5\n\nmain = 8 + 2 == 10 or False and True\n\n        \"])"
---
// alma_out/Alma.ffi.js

export const or_ = (x, y) => x || y;
export const and_ = (x, y) => x && y;

export const eq = (x, y) => x === y;
export const ne = (x, y) => x !== y;

export const gt = (x, y) => x > y;
export const ge = (x, y) => x >= y;
export const lt = (x, y) => x < y;
export const le = (x, y) => x <= y;

export const add = (x, y) => x + y;
export const sub = (x, y) => x - y;
export const mult = (x, y) => x * y;
export const div = (x, y) => x / y;



// alma_out/Alma.js

/*

module Alma



False : ∀ ∅ . Bool

True : ∀ ∅ . Bool



add : ∀ ∅ . Float -> Float -> Float

and_ : ∀ ∅ . Bool -> Bool -> Bool

div : ∀ ∅ . Float -> Float -> Float

eq : ∀ a . a -> a -> Bool

ge : ∀ ∅ . Float -> Float -> Bool

gt : ∀ ∅ . Float -> Float -> Bool

le : ∀ ∅ . Float -> Float -> Bool

lt : ∀ ∅ . Float -> Float -> Bool

mult : ∀ ∅ . Float -> Float -> Float

ne : ∀ a . a -> a -> Bool

or_ : ∀ ∅ . Bool -> Bool -> Bool

sub : ∀ ∅ . Float -> Float -> Float

*/


import * as Alma__ffi from "./Alma.ffi.js"



// type Bool

let True = {
    tag: "True",
}

let False = {
    tag: "False",
}


let or_ = Alma__ffi.or_

let and_ = Alma__ffi.and_

let eq = Alma__ffi.eq

let ne = Alma__ffi.ne

let gt = Alma__ffi.gt

let ge = Alma__ffi.ge

let lt = Alma__ffi.lt

let le = Alma__ffi.le

let add = Alma__ffi.add

let sub = Alma__ffi.sub

let mult = Alma__ffi.mult

let div = Alma__ffi.div

export {
    // type Bool
    True,
    False,
    or_,
    and_,
    eq,
    ne,
    gt,
    ge,
    lt,
    le,
    add,
    sub,
    mult,
    div,
}



// alma_out/Test.js

/*

module Test

main : ∀ ∅ . Bool

*/



import * as Alma from "./Alma.js"
import { True, False } from "./Alma.js"

let test = ((1 - 2) + ((3 * 4) * 5))

let main = (Alma.eq((8 + 2), 10) || (False && True))

export {
    main,
}




