---
source: src/parser.rs
assertion_line: 3589
expression: "parse(\"\\\nmodule Test exposing (Fruit)\n\ntype Fruit a b = Fruit (a -> b -> c)\n\")"
---
Input:

module Test exposing (Fruit)

type Fruit a b = Fruit (a -> b -> c)


Result:

module Test
    exports:
        Fruit 22:27 22:27
    imports:
        Alma 0:6
            Float 0:6 0:6
            String 0:6 0:6
            Bool 0:6 (True 0:6, False 0:6) 0:6
    type_definitions:
        Fruit 35:40 (a 41:42, b 43:44)
            Fruit 47:52 47:66
                Fn
                    params:
                        a 54:55
                        b 59:60
                    c 64:65
    definitions:




