---
source: src/parser.rs
assertion_line: 2132
expression: "parse(\"False\")"
---
Input:

False

Result:

Node {
    start: Idx(
        0,
    ),
    end: Idx(
        0,
    ),
    value: Expression_ {
        typ: RefCell {
            value: None,
        },
        expr: Bool(
            false,
        ),
    },
}
