---
source: src/parser.rs
assertion_line: 3607
expression: "parse(\"\\\nmodule Test exposing (main)\n\nmain : Fruit\n\ntest = 5\n\")"
---
Input:

module Test exposing (main)

main : Fruit

test = 5


Result:

module Test
    exports:
        main 22:26 22:26
    imports:
        Alma 0:6
            Float 0:6 0:6
            String 0:6 0:6
            Bool 0:6 (True 0:6, False 0:6) 0:6
    type_definitions:

    definitions:
        TypeSignature
            main 29:33:
                Fruit 36:41 36:41
        Untyped
            pattern:
                Identifier test 43:47 43:47
            expr:
                Float 5 50:51



