---
source: src/parser.rs
assertion_line: 2879
expression: "parse(\"\nmodule Test\n\ntype Fruit = { name : String , banana: Phone }\n\")"
---
Input:


module Test

type Fruit = { name : String , banana: Phone }


Result:

(
    Module {
        name: ModuleName {
            parts: [
                CapitalizedIdentifier {
                    name: SymbolU32 {
                        value: 1,
                    },
                    span: Index(
                        0,
                    ),
                },
            ],
            full_name: SymbolU32 {
                value: 1,
            },
        },
        exports: [],
        imports: [],
        definitions: [],
        type_definitions: [
            TypeDefinition {
                span: Index(
                    9,
                ),
                name: CapitalizedIdentifier {
                    name: SymbolU32 {
                        value: 2,
                    },
                    span: Index(
                        1,
                    ),
                },
                vars: [],
                typ: Record(
                    Record(
                        Record {
                            span: Index(
                                8,
                            ),
                            fields: [
                                (
                                    Identifier {
                                        name: SymbolU32 {
                                            value: 3,
                                        },
                                        span: Index(
                                            2,
                                        ),
                                    },
                                    App(
                                        Constructor {
                                            span: Index(
                                                4,
                                            ),
                                            name: CapitalizedIdentifier {
                                                name: SymbolU32 {
                                                    value: 4,
                                                },
                                                span: Index(
                                                    3,
                                                ),
                                            },
                                            params: [],
                                        },
                                    ),
                                ),
                                (
                                    Identifier {
                                        name: SymbolU32 {
                                            value: 5,
                                        },
                                        span: Index(
                                            5,
                                        ),
                                    },
                                    App(
                                        Constructor {
                                            span: Index(
                                                7,
                                            ),
                                            name: CapitalizedIdentifier {
                                                name: SymbolU32 {
                                                    value: 6,
                                                },
                                                span: Index(
                                                    6,
                                                ),
                                            },
                                            params: [],
                                        },
                                    ),
                                ),
                            ],
                        },
                    ),
                ),
            },
        ],
    },
    [],
)
