---
source: src/parser.rs
assertion_line: 2162
expression: "parse(\"espaÆàʥñÑol\")"
---
Input:

espaÆàʥñÑol

Result:

Node {
    start: Idx(
        0,
    ),
    end: Idx(
        0,
    ),
    value: Expression_ {
        typ: RefCell {
            value: None,
        },
        expr: Identifier(
            None,
            Identifier(
                Node {
                    start: Idx(
                        0,
                    ),
                    end: Idx(
                        0,
                    ),
                    value: Identifier_ {
                        name: SymbolU32 {
                            value: 1,
                        },
                    },
                },
            ),
        ),
    },
}
