---
source: src/parser.rs
assertion_line: 2716
expression: "parse(\"\nmodule Test\n\ntype Fruit = Banana | Apple\n\")"
---
Input:


module Test

type Fruit = Banana | Apple


Result:

(
    Module {
        name: ModuleName {
            parts: [
                Node {
                    start: Index(
                        1,
                    ),
                    end: Index(
                        1,
                    ),
                    value: CapitalizedIdentifier_ {
                        name: SymbolU32 {
                            value: 1,
                        },
                    },
                },
            ],
            full_name: SymbolU32 {
                value: 1,
            },
        },
        exports: [],
        imports: [],
        definitions: [],
        type_definitions: [
            Node {
                start: Index(
                    2,
                ),
                end: Index(
                    7,
                ),
                value: TypeDefinition_ {
                    name: Node {
                        start: Index(
                            3,
                        ),
                        end: Index(
                            3,
                        ),
                        value: CapitalizedIdentifier_ {
                            name: SymbolU32 {
                                value: 2,
                            },
                        },
                    },
                    vars: [],
                    typ: Union(
                        [
                            Node {
                                start: Index(
                                    5,
                                ),
                                end: Index(
                                    5,
                                ),
                                value: Constructor_ {
                                    name: Node {
                                        start: Index(
                                            5,
                                        ),
                                        end: Index(
                                            5,
                                        ),
                                        value: CapitalizedIdentifier_ {
                                            name: SymbolU32 {
                                                value: 3,
                                            },
                                        },
                                    },
                                    params: [],
                                },
                            },
                            Node {
                                start: Index(
                                    7,
                                ),
                                end: Index(
                                    7,
                                ),
                                value: Constructor_ {
                                    name: Node {
                                        start: Index(
                                            7,
                                        ),
                                        end: Index(
                                            7,
                                        ),
                                        value: CapitalizedIdentifier_ {
                                            name: SymbolU32 {
                                                value: 4,
                                            },
                                        },
                                    },
                                    params: [],
                                },
                            },
                        ],
                    ),
                },
            },
        ],
    },
    [],
)
