---
source: src/infer.rs
assertion_line: 2334
expression: "infer(\"{ { name = 1, age = 1 } | name = 2, name = 3 }\")"
---
Input:

{ { name = 1, age = 1 } | name = 2, name = 3 }

---
Output:

[3:43]

Duplicate field `name`

  1│  module Test exposing (test)
  2│  
  3│  test = { { name = 1, age = 1 } | name = 2, name = 3 }
   │                                             ↑↑↑↑

in record

  1│  module Test exposing (test)
  2│  
  3│  test = { { name = 1, age = 1 } | name = 2, name = 3 }

