---
source: src/parser.rs
assertion_line: 2413
expression: "parse(\"a .b\")"
---
Input:

a .b

Result:

Node {
    start: Index(
        0,
    ),
    end: Index(
        2,
    ),
    value: Expression_ {
        typ: RefCell {
            value: None,
        },
        expr: FnCall {
            function: Node {
                start: Index(
                    0,
                ),
                end: Index(
                    0,
                ),
                value: Expression_ {
                    typ: RefCell {
                        value: None,
                    },
                    expr: Identifier {
                        module: None,
                        identifier: Identifier(
                            Node {
                                start: Index(
                                    0,
                                ),
                                end: Index(
                                    0,
                                ),
                                value: Identifier_ {
                                    name: SymbolU32 {
                                        value: 1,
                                    },
                                },
                            },
                        ),
                    },
                },
            },
            arguments: [
                Node {
                    start: Index(
                        1,
                    ),
                    end: Index(
                        2,
                    ),
                    value: Expression_ {
                        typ: RefCell {
                            value: None,
                        },
                        expr: PropertyAccessLambda {
                            property: Node {
                                start: Index(
                                    2,
                                ),
                                end: Index(
                                    2,
                                ),
                                value: Identifier_ {
                                    name: SymbolU32 {
                                        value: 2,
                                    },
                                },
                            },
                        },
                    },
                },
            ],
        },
    },
}
