---
source: src/parser.rs
assertion_line: 2274
expression: "parse(\"\nif True then\n  1\n\nelse\n  2\")"
---
Input:


if True then
  1

else
  2

Result:

Expression {
    span: Index(
        3,
    ),
    typ: RefCell {
        value: None,
    },
    expr: If {
        condition: Expression {
            span: Index(
                0,
            ),
            typ: RefCell {
                value: None,
            },
            expr: Bool(
                true,
            ),
        },
        then: Expression {
            span: Index(
                1,
            ),
            typ: RefCell {
                value: None,
            },
            expr: Float(
                1.0,
            ),
        },
        else_: Expression {
            span: Index(
                2,
            ),
            typ: RefCell {
                value: None,
            },
            expr: Float(
                2.0,
            ),
        },
    },
}
