---
source: src/parser.rs
expression: "parse(\"module Test\\n\\na = 1\\n\\nb = True\")"

---
Input:

module Test

a = 1

b = True

Result:

[
    Module {
        name: ModuleName {
            parts: [
                Node {
                    start: 7,
                    end: 11,
                    line: 1,
                    column: 7,
                    value: Identifier_ {
                        name: "Test",
                        case: Pascal,
                    },
                },
            ],
            full_name: "Test",
        },
        exports: [],
        imports: [],
        definitions: [
            Pattern(
                Node {
                    start: 13,
                    end: 14,
                    line: 3,
                    column: 0,
                    value: Identifier(
                        Node {
                            start: 13,
                            end: 14,
                            line: 3,
                            column: 0,
                            value: Identifier_ {
                                name: "a",
                                case: Camel,
                            },
                        },
                    ),
                },
                Node {
                    start: 17,
                    end: 18,
                    line: 3,
                    column: 4,
                    value: Expression_ {
                        typ: RefCell {
                            value: None,
                        },
                        expr: Float(
                            1.0,
                        ),
                    },
                },
            ),
            Pattern(
                Node {
                    start: 20,
                    end: 21,
                    line: 5,
                    column: 0,
                    value: Identifier(
                        Node {
                            start: 20,
                            end: 21,
                            line: 5,
                            column: 0,
                            value: Identifier_ {
                                name: "b",
                                case: Camel,
                            },
                        },
                    ),
                },
                Node {
                    start: 24,
                    end: 28,
                    line: 5,
                    column: 4,
                    value: Expression_ {
                        typ: RefCell {
                            value: None,
                        },
                        expr: Bool(
                            true,
                        ),
                    },
                },
            ),
        ],
    },
]
