---
source: src/parser.rs
assertion_line: 4002
expression: "parse(\"\\\nmodule Test\n\ntest = when test is\n    Banana (asdf as hello | hi)  -> True\n\")"
---
Input:

module Test

test = when test is
    Banana (asdf as hello | hi)  -> True


Result:

module Test
    exports:

    imports:
        Alma 0:6
            Float 0:6 0:6
            String 0:6 0:6
            Bool 0:6 (True 0:6, False 0:6) 0:6
    type_definitions:

    definitions:
        Untyped
            pattern:
                Identifier test 13:17 13:17
            expr:
                PatternMatching 20:73
                    condition:
                        Identifier test 25:29 25:29
                    PatternMatchingBranch 37:73
                        pattern:
                            Banana 37:43 37:63
                                Or 45:63
                                    Named: hello 53:58 45:58
                                        Identifier asdf 45:49 45:49
                                    Identifier hi 61:63 61:63
                        body:
                            Identifier True 69:73 69:73



