---
source: src/parser.rs
assertion_line: 2811
expression: "parse(\"\nmodule Test\n\ntype Fruit a\n    = Banana a\n    | Phone\n\")"
---
Input:


module Test

type Fruit a
    = Banana a
    | Phone


Result:

(
    Module {
        name: ModuleName {
            parts: [
                CapitalizedIdentifier {
                    name: SymbolU32 {
                        value: 1,
                    },
                    span: Index(
                        0,
                    ),
                },
            ],
            full_name: SymbolU32 {
                value: 1,
            },
        },
        exports: [],
        imports: [],
        definitions: [],
        type_definitions: [
            TypeDefinition {
                span: Index(
                    8,
                ),
                name: CapitalizedIdentifier {
                    name: SymbolU32 {
                        value: 2,
                    },
                    span: Index(
                        1,
                    ),
                },
                vars: [
                    Identifier {
                        name: SymbolU32 {
                            value: 3,
                        },
                        span: Index(
                            2,
                        ),
                    },
                ],
                typ: Union {
                    constructors: [
                        Constructor {
                            span: Index(
                                5,
                            ),
                            name: CapitalizedIdentifier {
                                name: SymbolU32 {
                                    value: 4,
                                },
                                span: Index(
                                    3,
                                ),
                            },
                            params: [
                                Var(
                                    Identifier {
                                        name: SymbolU32 {
                                            value: 3,
                                        },
                                        span: Index(
                                            4,
                                        ),
                                    },
                                ),
                            ],
                        },
                        Constructor {
                            span: Index(
                                7,
                            ),
                            name: CapitalizedIdentifier {
                                name: SymbolU32 {
                                    value: 5,
                                },
                                span: Index(
                                    6,
                                ),
                            },
                            params: [],
                        },
                    ],
                },
            },
        ],
    },
    [],
)
