---
source: src/parser.rs
expression: "parse(\"variable_one\")"

---
Input:

variable_one

Result:

Node {
    start: 0,
    end: 12,
    line: 1,
    column: 0,
    value: Expression_ {
        typ: RefCell {
            value: None,
        },
        expr: Identifier(
            Node {
                start: 0,
                end: 12,
                line: 1,
                column: 0,
                value: Identifier_ {
                    name: SymbolU32 {
                        value: 1,
                    },
                    case: Camel,
                },
            },
        ),
    },
}
