---
source: src/parser.rs
assertion_line: 3978
expression: "parse(\"\\\nmodule Test\n\ntest = when test is\n    Banana (asdf as hello) | hello -> True\n\")"
---
Input:

module Test

test = when test is
    Banana (asdf as hello) | hello -> True


Result:

module Test
    exports:

    imports:
        Alma 0:6
            Float 0:6 0:6
            String 0:6 0:6
            Bool 0:6 (True 0:6, False 0:6) 0:6
    type_definitions:

    definitions:
        Untyped
            pattern:
                Identifier test 13:17 13:17
            expr:
                PatternMatching 20:75
                    condition:
                        Identifier test 25:29 25:29
                    PatternMatchingBranch 37:75
                        pattern:
                            Or 37:67
                                Banana 37:43 37:58
                                    Named: hello 53:58 45:58
                                        Identifier asdf 45:49 45:49
                                Identifier hello 62:67 62:67
                        body:
                            Identifier True 71:75 71:75



