---
source: src/parser.rs
assertion_line: 3616
expression: "parse(\"\\\nmodule Test exposing (main)\n\nmain : Fruit\n\nsignature : Fruit\n\ntest = 5\n\")"
---
Input:

module Test exposing (main)

main : Fruit

signature : Fruit

test = 5


Result:

module Test
    exports:
        main 22:26 22:26
    imports:
        Alma 0:6
            Float 0:6 0:6
            String 0:6 0:6
            Bool 0:6 (True 0:6, False 0:6) 0:6
    type_definitions:

    definitions:
        TypeSignature
            main 29:33:
                Fruit 36:41 36:41
        TypeSignature
            signature 43:52:
                Fruit 55:60 55:60
        Untyped
            pattern:
                Identifier test 62:66 62:66
            expr:
                Float 5 69:70



