---
source: src/parser.rs
assertion_line: 3149
expression: "parse(\"\\\nmodule Test exposing (main)\n\nmain : Fruit a -> Fruit b -> Fruit c\n\nsignature : Fruit d -> Fruit e -> Fruit f\n\ntest = 5\n\")"
---
Input:

module Test exposing (main)

main : Fruit a -> Fruit b -> Fruit c

signature : Fruit d -> Fruit e -> Fruit f

test = 5


Result:

(
    Module {
        name: ModuleName {
            parts: [
                CapitalizedIdentifier {
                    name: SymbolU32 {
                        value: 1,
                    },
                    span: Index(
                        0,
                    ),
                },
            ],
            full_name: SymbolU32 {
                value: 1,
            },
        },
        exports: [
            Export {
                span: Index(
                    1,
                ),
                typ: Identifier(
                    Identifier {
                        name: SymbolU32 {
                            value: 2,
                        },
                        span: Index(
                            1,
                        ),
                    },
                ),
            },
        ],
        imports: [],
        definitions: [
            TypeSignature(
                TypeSignature {
                    name: Identifier {
                        name: SymbolU32 {
                            value: 2,
                        },
                        span: Index(
                            2,
                        ),
                    },
                    typ: Fun {
                        params: [
                            App(
                                Constructor {
                                    span: Index(
                                        5,
                                    ),
                                    name: CapitalizedIdentifier {
                                        name: SymbolU32 {
                                            value: 3,
                                        },
                                        span: Index(
                                            3,
                                        ),
                                    },
                                    params: [
                                        Var(
                                            Identifier {
                                                name: SymbolU32 {
                                                    value: 4,
                                                },
                                                span: Index(
                                                    4,
                                                ),
                                            },
                                        ),
                                    ],
                                },
                            ),
                            App(
                                Constructor {
                                    span: Index(
                                        8,
                                    ),
                                    name: CapitalizedIdentifier {
                                        name: SymbolU32 {
                                            value: 3,
                                        },
                                        span: Index(
                                            6,
                                        ),
                                    },
                                    params: [
                                        Var(
                                            Identifier {
                                                name: SymbolU32 {
                                                    value: 5,
                                                },
                                                span: Index(
                                                    7,
                                                ),
                                            },
                                        ),
                                    ],
                                },
                            ),
                        ],
                        ret: App(
                            Constructor {
                                span: Index(
                                    11,
                                ),
                                name: CapitalizedIdentifier {
                                    name: SymbolU32 {
                                        value: 3,
                                    },
                                    span: Index(
                                        9,
                                    ),
                                },
                                params: [
                                    Var(
                                        Identifier {
                                            name: SymbolU32 {
                                                value: 6,
                                            },
                                            span: Index(
                                                10,
                                            ),
                                        },
                                    ),
                                ],
                            },
                        ),
                    },
                },
            ),
            TypeSignature(
                TypeSignature {
                    name: Identifier {
                        name: SymbolU32 {
                            value: 7,
                        },
                        span: Index(
                            12,
                        ),
                    },
                    typ: Fun {
                        params: [
                            App(
                                Constructor {
                                    span: Index(
                                        15,
                                    ),
                                    name: CapitalizedIdentifier {
                                        name: SymbolU32 {
                                            value: 3,
                                        },
                                        span: Index(
                                            13,
                                        ),
                                    },
                                    params: [
                                        Var(
                                            Identifier {
                                                name: SymbolU32 {
                                                    value: 8,
                                                },
                                                span: Index(
                                                    14,
                                                ),
                                            },
                                        ),
                                    ],
                                },
                            ),
                            App(
                                Constructor {
                                    span: Index(
                                        18,
                                    ),
                                    name: CapitalizedIdentifier {
                                        name: SymbolU32 {
                                            value: 3,
                                        },
                                        span: Index(
                                            16,
                                        ),
                                    },
                                    params: [
                                        Var(
                                            Identifier {
                                                name: SymbolU32 {
                                                    value: 9,
                                                },
                                                span: Index(
                                                    17,
                                                ),
                                            },
                                        ),
                                    ],
                                },
                            ),
                        ],
                        ret: App(
                            Constructor {
                                span: Index(
                                    21,
                                ),
                                name: CapitalizedIdentifier {
                                    name: SymbolU32 {
                                        value: 3,
                                    },
                                    span: Index(
                                        19,
                                    ),
                                },
                                params: [
                                    Var(
                                        Identifier {
                                            name: SymbolU32 {
                                                value: 10,
                                            },
                                            span: Index(
                                                20,
                                            ),
                                        },
                                    ),
                                ],
                            },
                        ),
                    },
                },
            ),
            Untyped(
                Pattern(
                    Pattern {
                        span: Index(
                            22,
                        ),
                        typ: Identifier(
                            Identifier {
                                name: SymbolU32 {
                                    value: 11,
                                },
                                span: Index(
                                    22,
                                ),
                            },
                        ),
                    },
                    Index(
                        0,
                    ),
                ),
            ),
        ],
        type_definitions: [],
    },
    [],
)

{
    Index(
        0,
    ): Expression {
        span: Index(
            24,
        ),
        typ: RefCell {
            value: None,
        },
        expr: Float(
            5.0,
        ),
    },
}

{
    Index(
        0,
    ): Span {
        start: Index(
            1,
        ),
        end: Index(
            1,
        ),
    },
    Index(
        1,
    ): Span {
        start: Index(
            4,
        ),
        end: Index(
            4,
        ),
    },
    Index(
        2,
    ): Span {
        start: Index(
            6,
        ),
        end: Index(
            6,
        ),
    },
    Index(
        3,
    ): Span {
        start: Index(
            8,
        ),
        end: Index(
            8,
        ),
    },
    Index(
        4,
    ): Span {
        start: Index(
            9,
        ),
        end: Index(
            9,
        ),
    },
    Index(
        5,
    ): Span {
        start: Index(
            8,
        ),
        end: Index(
            9,
        ),
    },
    Index(
        6,
    ): Span {
        start: Index(
            11,
        ),
        end: Index(
            11,
        ),
    },
    Index(
        7,
    ): Span {
        start: Index(
            12,
        ),
        end: Index(
            12,
        ),
    },
    Index(
        8,
    ): Span {
        start: Index(
            11,
        ),
        end: Index(
            12,
        ),
    },
    Index(
        9,
    ): Span {
        start: Index(
            14,
        ),
        end: Index(
            14,
        ),
    },
    Index(
        10,
    ): Span {
        start: Index(
            15,
        ),
        end: Index(
            15,
        ),
    },
    Index(
        11,
    ): Span {
        start: Index(
            14,
        ),
        end: Index(
            15,
        ),
    },
    Index(
        12,
    ): Span {
        start: Index(
            16,
        ),
        end: Index(
            16,
        ),
    },
    Index(
        13,
    ): Span {
        start: Index(
            18,
        ),
        end: Index(
            18,
        ),
    },
    Index(
        14,
    ): Span {
        start: Index(
            19,
        ),
        end: Index(
            19,
        ),
    },
    Index(
        15,
    ): Span {
        start: Index(
            18,
        ),
        end: Index(
            19,
        ),
    },
    Index(
        16,
    ): Span {
        start: Index(
            21,
        ),
        end: Index(
            21,
        ),
    },
    Index(
        17,
    ): Span {
        start: Index(
            22,
        ),
        end: Index(
            22,
        ),
    },
    Index(
        18,
    ): Span {
        start: Index(
            21,
        ),
        end: Index(
            22,
        ),
    },
    Index(
        19,
    ): Span {
        start: Index(
            24,
        ),
        end: Index(
            24,
        ),
    },
    Index(
        20,
    ): Span {
        start: Index(
            25,
        ),
        end: Index(
            25,
        ),
    },
    Index(
        21,
    ): Span {
        start: Index(
            24,
        ),
        end: Index(
            25,
        ),
    },
    Index(
        22,
    ): Span {
        start: Index(
            26,
        ),
        end: Index(
            26,
        ),
    },
    Index(
        23,
    ): Span {
        start: Index(
            26,
        ),
        end: Index(
            26,
        ),
    },
    Index(
        24,
    ): Span {
        start: Index(
            28,
        ),
        end: Index(
            28,
        ),
    },
}
