---
source: src/parser.rs
assertion_line: 3098
expression: "parse(\"\\\nmodule Test exposing (main)\n\nmain : Fruit\nmain = Fruit\n\ntest = 5\n\")"
---
Input:

module Test exposing (main)

main : Fruit
main = Fruit

test = 5


Result:

(
    Module {
        name: ModuleName {
            parts: [
                CapitalizedIdentifier {
                    name: SymbolU32 {
                        value: 1,
                    },
                    span: Index(
                        0,
                    ),
                },
            ],
            full_name: SymbolU32 {
                value: 1,
            },
        },
        exports: [
            Export {
                span: Index(
                    1,
                ),
                typ: Identifier(
                    Identifier {
                        name: SymbolU32 {
                            value: 2,
                        },
                        span: Index(
                            1,
                        ),
                    },
                ),
            },
        ],
        imports: [],
        definitions: [
            Typed(
                TypeSignature {
                    name: Identifier {
                        name: SymbolU32 {
                            value: 2,
                        },
                        span: Index(
                            2,
                        ),
                    },
                    typ: App(
                        Constructor {
                            span: Index(
                                4,
                            ),
                            name: CapitalizedIdentifier {
                                name: SymbolU32 {
                                    value: 3,
                                },
                                span: Index(
                                    3,
                                ),
                            },
                            params: [],
                        },
                    ),
                },
                Pattern(
                    Pattern {
                        span: Index(
                            5,
                        ),
                        typ: Identifier(
                            Identifier {
                                name: SymbolU32 {
                                    value: 2,
                                },
                                span: Index(
                                    5,
                                ),
                            },
                        ),
                    },
                    Index(
                        0,
                    ),
                ),
            ),
            Untyped(
                Pattern(
                    Pattern {
                        span: Index(
                            9,
                        ),
                        typ: Identifier(
                            Identifier {
                                name: SymbolU32 {
                                    value: 4,
                                },
                                span: Index(
                                    9,
                                ),
                            },
                        ),
                    },
                    Index(
                        1,
                    ),
                ),
            ),
        ],
        type_definitions: [],
    },
    [],
)

{
    Index(
        0,
    ): Expression {
        span: Index(
            8,
        ),
        typ: RefCell {
            value: None,
        },
        expr: Identifier {
            module: None,
            identifier: CapitalizedIdentifier(
                CapitalizedIdentifier {
                    name: SymbolU32 {
                        value: 3,
                    },
                    span: Index(
                        7,
                    ),
                },
            ),
        },
    },
    Index(
        1,
    ): Expression {
        span: Index(
            11,
        ),
        typ: RefCell {
            value: None,
        },
        expr: Float(
            5.0,
        ),
    },
}

{
    Index(
        0,
    ): Span {
        start: Index(
            1,
        ),
        end: Index(
            1,
        ),
    },
    Index(
        1,
    ): Span {
        start: Index(
            4,
        ),
        end: Index(
            4,
        ),
    },
    Index(
        2,
    ): Span {
        start: Index(
            6,
        ),
        end: Index(
            6,
        ),
    },
    Index(
        3,
    ): Span {
        start: Index(
            8,
        ),
        end: Index(
            8,
        ),
    },
    Index(
        4,
    ): Span {
        start: Index(
            8,
        ),
        end: Index(
            8,
        ),
    },
    Index(
        5,
    ): Span {
        start: Index(
            9,
        ),
        end: Index(
            9,
        ),
    },
    Index(
        6,
    ): Span {
        start: Index(
            9,
        ),
        end: Index(
            9,
        ),
    },
    Index(
        7,
    ): Span {
        start: Index(
            11,
        ),
        end: Index(
            11,
        ),
    },
    Index(
        8,
    ): Span {
        start: Index(
            11,
        ),
        end: Index(
            11,
        ),
    },
    Index(
        9,
    ): Span {
        start: Index(
            12,
        ),
        end: Index(
            12,
        ),
    },
    Index(
        10,
    ): Span {
        start: Index(
            12,
        ),
        end: Index(
            12,
        ),
    },
    Index(
        11,
    ): Span {
        start: Index(
            14,
        ),
        end: Index(
            14,
        ),
    },
}
