---
source: src/parser.rs
assertion_line: 2770
expression: "parse(\"\nmodule Test\n\ntype Fruit a\n    = Banana a\n    | Phone\n\")"
---
Input:


module Test

type Fruit a
    = Banana a
    | Phone


Result:

(
    Module {
        name: ModuleName {
            parts: [
                Node {
                    start: Idx(
                        1,
                    ),
                    end: Idx(
                        1,
                    ),
                    value: CapitalizedIdentifier_ {
                        name: SymbolU32 {
                            value: 1,
                        },
                    },
                },
            ],
            full_name: SymbolU32 {
                value: 1,
            },
        },
        exports: [],
        imports: [],
        definitions: [],
        type_definitions: [
            Node {
                start: Idx(
                    2,
                ),
                end: Idx(
                    9,
                ),
                value: TypeDefinition_ {
                    name: Node {
                        start: Idx(
                            3,
                        ),
                        end: Idx(
                            3,
                        ),
                        value: CapitalizedIdentifier_ {
                            name: SymbolU32 {
                                value: 2,
                            },
                        },
                    },
                    vars: [
                        Node {
                            start: Idx(
                                4,
                            ),
                            end: Idx(
                                4,
                            ),
                            value: Identifier_ {
                                name: SymbolU32 {
                                    value: 3,
                                },
                            },
                        },
                    ],
                    typ: Union(
                        [
                            Node {
                                start: Idx(
                                    6,
                                ),
                                end: Idx(
                                    7,
                                ),
                                value: Constructor_ {
                                    name: Node {
                                        start: Idx(
                                            6,
                                        ),
                                        end: Idx(
                                            6,
                                        ),
                                        value: CapitalizedIdentifier_ {
                                            name: SymbolU32 {
                                                value: 4,
                                            },
                                        },
                                    },
                                    params: [
                                        Var(
                                            Node {
                                                start: Idx(
                                                    7,
                                                ),
                                                end: Idx(
                                                    7,
                                                ),
                                                value: Identifier_ {
                                                    name: SymbolU32 {
                                                        value: 3,
                                                    },
                                                },
                                            },
                                        ),
                                    ],
                                },
                            },
                            Node {
                                start: Idx(
                                    9,
                                ),
                                end: Idx(
                                    9,
                                ),
                                value: Constructor_ {
                                    name: Node {
                                        start: Idx(
                                            9,
                                        ),
                                        end: Idx(
                                            9,
                                        ),
                                        value: CapitalizedIdentifier_ {
                                            name: SymbolU32 {
                                                value: 5,
                                            },
                                        },
                                    },
                                    params: [],
                                },
                            },
                        ],
                    ),
                },
            },
        ],
    },
    [],
)
