---
source: src/parser.rs
assertion_line: 2340
expression: "parse(\"let _ = a x in x\")"
---
Input:

let _ = a x in x

Result:

Node {
    start: 0,
    end: 6,
    value: Expression_ {
        typ: RefCell {
            value: None,
        },
        expr: Let(
            [
                Untyped(
                    Pattern(
                        Node {
                            start: 1,
                            end: 1,
                            value: Hole,
                        },
                        Node {
                            start: 3,
                            end: 4,
                            value: Expression_ {
                                typ: RefCell {
                                    value: None,
                                },
                                expr: FnCall(
                                    Node {
                                        start: 3,
                                        end: 3,
                                        value: Expression_ {
                                            typ: RefCell {
                                                value: None,
                                            },
                                            expr: Identifier(
                                                None,
                                                Identifier(
                                                    Node {
                                                        start: 3,
                                                        end: 3,
                                                        value: Identifier_ {
                                                            name: SymbolU32 {
                                                                value: 1,
                                                            },
                                                        },
                                                    },
                                                ),
                                            ),
                                        },
                                    },
                                    [
                                        Node {
                                            start: 4,
                                            end: 4,
                                            value: Expression_ {
                                                typ: RefCell {
                                                    value: None,
                                                },
                                                expr: Identifier(
                                                    None,
                                                    Identifier(
                                                        Node {
                                                            start: 4,
                                                            end: 4,
                                                            value: Identifier_ {
                                                                name: SymbolU32 {
                                                                    value: 2,
                                                                },
                                                            },
                                                        },
                                                    ),
                                                ),
                                            },
                                        },
                                    ],
                                ),
                            },
                        },
                    ),
                ),
            ],
            Node {
                start: 6,
                end: 6,
                value: Expression_ {
                    typ: RefCell {
                        value: None,
                    },
                    expr: Identifier(
                        None,
                        Identifier(
                            Node {
                                start: 6,
                                end: 6,
                                value: Identifier_ {
                                    name: SymbolU32 {
                                        value: 2,
                                    },
                                },
                            },
                        ),
                    ),
                },
            },
        ),
    },
}
