---
source: src/parser.rs
expression: "parse(\"fun\\n arg\")"

---
Input:

fun
 arg

Result:

Node {
    start: 0,
    end: 8,
    line: 1,
    column: 0,
    value: FnCall(
        Node {
            start: 0,
            end: 3,
            line: 1,
            column: 0,
            value: Identifier(
                Node {
                    start: 0,
                    end: 3,
                    line: 1,
                    column: 0,
                    value: Identifier_ {
                        name: "fun",
                        case: Camel,
                    },
                },
            ),
        },
        [
            Node {
                start: 5,
                end: 8,
                line: 2,
                column: 1,
                value: Identifier(
                    Node {
                        start: 5,
                        end: 8,
                        line: 2,
                        column: 1,
                        value: Identifier_ {
                            name: "arg",
                            case: Camel,
                        },
                    },
                ),
            },
        ],
    ),
}
