---
source: src/infer.rs
assertion_line: 2333
expression: "infer(\"{ name = 1, age = 1, name = 1 }\")"
---
Input:

{ name = 1, age = 1, name = 1 }

---
Output:

[3:28]

Duplicate field `name`

  1│  module Test exposing (test)
  2│  
  3│  test = { name = 1, age = 1, name = 1 }
   │                              ↑↑↑↑

in record

  1│  module Test exposing (test)
  2│  
  3│  test = { name = 1, age = 1, name = 1 }

