---
source: src/infer.rs
assertion_line: 2308
expression: "infer(r#\"let a = \"Hi\" in a.wat\"#)"
---
Input:

let a = "Hi" in a.wat

---
Output:

[3:23]

Type mismatch:  String  ≠  { a | wat : b }

Expected

  1│  module Test exposing (test)
  2│  
  3│  test = let a = "Hi" in a.wat
   │                         ↑

to be

{ a | wat : b }

but seems to be

String
