---
source: src/parser.rs
assertion_line: 3483
expression: "parse(\"\nmodule Test\n\nalias Fruit a = { test : Banana a (Phone a) }\n\")"
---
Input:


module Test

alias Fruit a = { test : Banana a (Phone a) }


Result:

module Test
    exports:

    imports:
        Alma 1:7
            Float 1:7 1:7
            String 1:7 1:7
            Bool 1:7 (True 1:7, False 1:7) 1:7
    type_definitions:
        Fruit 20:25 (a 26:27)
            { 30:59
                test 32:36 :
                    Banana 39:45 39:57
                        a 46:47
                        Phone 49:54 49:56
                            a 55:56
            }
    definitions:




