---
source: src/parser.rs
assertion_line: 2199
expression: "parse(\"\nfun arg1\n  arg2 arg3\n  arg4\")"
---
Input:


fun arg1
  arg2 arg3
  arg4

Result:

Node {
    start: Idx(
        0,
    ),
    end: Idx(
        4,
    ),
    value: Expression_ {
        typ: RefCell {
            value: None,
        },
        expr: FnCall(
            Node {
                start: Idx(
                    0,
                ),
                end: Idx(
                    0,
                ),
                value: Expression_ {
                    typ: RefCell {
                        value: None,
                    },
                    expr: Identifier(
                        None,
                        Identifier(
                            Node {
                                start: Idx(
                                    0,
                                ),
                                end: Idx(
                                    0,
                                ),
                                value: Identifier_ {
                                    name: SymbolU32 {
                                        value: 1,
                                    },
                                },
                            },
                        ),
                    ),
                },
            },
            [
                Node {
                    start: Idx(
                        1,
                    ),
                    end: Idx(
                        1,
                    ),
                    value: Expression_ {
                        typ: RefCell {
                            value: None,
                        },
                        expr: Identifier(
                            None,
                            Identifier(
                                Node {
                                    start: Idx(
                                        1,
                                    ),
                                    end: Idx(
                                        1,
                                    ),
                                    value: Identifier_ {
                                        name: SymbolU32 {
                                            value: 2,
                                        },
                                    },
                                },
                            ),
                        ),
                    },
                },
                Node {
                    start: Idx(
                        2,
                    ),
                    end: Idx(
                        2,
                    ),
                    value: Expression_ {
                        typ: RefCell {
                            value: None,
                        },
                        expr: Identifier(
                            None,
                            Identifier(
                                Node {
                                    start: Idx(
                                        2,
                                    ),
                                    end: Idx(
                                        2,
                                    ),
                                    value: Identifier_ {
                                        name: SymbolU32 {
                                            value: 3,
                                        },
                                    },
                                },
                            ),
                        ),
                    },
                },
                Node {
                    start: Idx(
                        3,
                    ),
                    end: Idx(
                        3,
                    ),
                    value: Expression_ {
                        typ: RefCell {
                            value: None,
                        },
                        expr: Identifier(
                            None,
                            Identifier(
                                Node {
                                    start: Idx(
                                        3,
                                    ),
                                    end: Idx(
                                        3,
                                    ),
                                    value: Identifier_ {
                                        name: SymbolU32 {
                                            value: 4,
                                        },
                                    },
                                },
                            ),
                        ),
                    },
                },
                Node {
                    start: Idx(
                        4,
                    ),
                    end: Idx(
                        4,
                    ),
                    value: Expression_ {
                        typ: RefCell {
                            value: None,
                        },
                        expr: Identifier(
                            None,
                            Identifier(
                                Node {
                                    start: Idx(
                                        4,
                                    ),
                                    end: Idx(
                                        4,
                                    ),
                                    value: Identifier_ {
                                        name: SymbolU32 {
                                            value: 5,
                                        },
                                    },
                                },
                            ),
                        ),
                    },
                },
            ],
        ),
    },
}
