---
source: src/parser.rs
expression: "parse(\"if True { 1 } else 2\")"

---
Input:

if True { 1 } else 2

Result:

1:8: Expected the keyword `then` and an expression to parse the if expression, but instead found: '{'

  1│  if True { 1 } else 2
   │          ↑

Error {
    message: "1:8: Expected the keyword `then` and an expression to parse the if expression, but instead found: \'{\'\n\n  1│  if True { 1 } else 2\n   │          ↑",
    token: Token {
        kind: LeftBrace,
        position: 8,
        end_position: 9,
        lexeme: "{",
        line: 1,
        column: 8,
        indent: 0,
    },
}
