---
source: src/parser.rs
assertion_line: 2849
expression: "parse(\"\nmodule Test\n\ntype Banana : asdf\n\")"
---
Input:


module Test

type Banana : asdf


Result:

:4:12

Expected type variable names like `a`, or an `=` sign between the name and the type definition, or just something else below this type definition, but instead found: `:`

  2│  module Test
  3│  
  4│  type Banana : asdf
   │              ↑

Error {
    kind: InvalidTypeDefinitionTypeVarsOrEqualSeparator,
    token: Token {
        kind: Colon,
        indent: 0,
        start: 26,
        end: 27,
        line: 4,
        column: 12,
    },
}
