---
source: src/parser.rs
assertion_line: 2167
expression: "parse(\"\\\"😄\\\"\")"
---
Input:

"😄"

Result:

Node {
    start: 0,
    end: 0,
    value: Expression_ {
        typ: RefCell {
            value: None,
        },
        expr: String_(
            SymbolU32 {
                value: 1,
            },
        ),
    },
}
