---
source: src/parser.rs
assertion_line: 2370
expression: "parse(\"{ x = { x = 5 } }\")"
---
Input:

{ x = { x = 5 } }

Result:

Node {
    start: Idx(
        0,
    ),
    end: Idx(
        8,
    ),
    value: Expression_ {
        typ: RefCell {
            value: None,
        },
        expr: Record(
            [
                (
                    Node {
                        start: Idx(
                            1,
                        ),
                        end: Idx(
                            1,
                        ),
                        value: Identifier_ {
                            name: SymbolU32 {
                                value: 1,
                            },
                        },
                    },
                    Node {
                        start: Idx(
                            3,
                        ),
                        end: Idx(
                            7,
                        ),
                        value: Expression_ {
                            typ: RefCell {
                                value: None,
                            },
                            expr: Record(
                                [
                                    (
                                        Node {
                                            start: Idx(
                                                4,
                                            ),
                                            end: Idx(
                                                4,
                                            ),
                                            value: Identifier_ {
                                                name: SymbolU32 {
                                                    value: 1,
                                                },
                                            },
                                        },
                                        Node {
                                            start: Idx(
                                                6,
                                            ),
                                            end: Idx(
                                                6,
                                            ),
                                            value: Expression_ {
                                                typ: RefCell {
                                                    value: None,
                                                },
                                                expr: Float(
                                                    5.0,
                                                ),
                                            },
                                        },
                                    ),
                                ],
                            ),
                        },
                    },
                ),
            ],
        ),
    },
}
