---
source: src/parser.rs
assertion_line: 2814
expression: "parse(\"if True then incr 1 else 2\")"
---
Input:

if True then incr 1 else 2

Result:

If 0:26
    condition:
        Identifier True 3:7 3:7
    then:
        FnCall 13:19
            fn:
                Identifier incr 13:17 13:17
            args:
                Float 1 18:19
    else:
        Float 2 25:26
