---
source: src/parser.rs
assertion_line: 2319
expression: "parse(\"let x = a x in x\")"
---
Input:

let x = a x in x

Result:

Expression {
    span: Index(
        6,
    ),
    typ: RefCell {
        value: None,
    },
    expr: Let {
        definitions: [
            Untyped(
                Pattern(
                    Pattern {
                        span: Index(
                            0,
                        ),
                        typ: Identifier(
                            Identifier {
                                name: SymbolU32 {
                                    value: 1,
                                },
                                span: Index(
                                    0,
                                ),
                            },
                        ),
                    },
                    Expression {
                        span: Index(
                            4,
                        ),
                        typ: RefCell {
                            value: None,
                        },
                        expr: FnCall {
                            function: Expression {
                                span: Index(
                                    2,
                                ),
                                typ: RefCell {
                                    value: None,
                                },
                                expr: Identifier {
                                    module: None,
                                    identifier: Identifier(
                                        Identifier {
                                            name: SymbolU32 {
                                                value: 2,
                                            },
                                            span: Index(
                                                2,
                                            ),
                                        },
                                    ),
                                },
                            },
                            arguments: [
                                Expression {
                                    span: Index(
                                        3,
                                    ),
                                    typ: RefCell {
                                        value: None,
                                    },
                                    expr: Identifier {
                                        module: None,
                                        identifier: Identifier(
                                            Identifier {
                                                name: SymbolU32 {
                                                    value: 1,
                                                },
                                                span: Index(
                                                    3,
                                                ),
                                            },
                                        ),
                                    },
                                },
                            ],
                        },
                    },
                ),
            ),
        ],
        body: Expression {
            span: Index(
                5,
            ),
            typ: RefCell {
                value: None,
            },
            expr: Identifier {
                module: None,
                identifier: Identifier(
                    Identifier {
                        name: SymbolU32 {
                            value: 1,
                        },
                        span: Index(
                            5,
                        ),
                    },
                ),
            },
        },
    },
}
