---
source: src/parser.rs
assertion_line: 2772
expression: "parse(\"\nfun arg1\n  arg2 arg3\n  arg4\")"
---
Input:


fun arg1
  arg2 arg3
  arg4

Result:

FnCall 1:28
    fn:
        Identifier fun 1:4 1:4
    args:
        Identifier arg1 5:9 5:9
        Identifier arg2 12:16 12:16
        Identifier arg3 17:21 17:21
        Identifier arg4 24:28 24:28
