---
source: src/parser.rs
assertion_line: 2202
expression: "parse(\"hello ()\")"
---
Input:

hello ()

Result:

Node {
    start: Index(
        0,
    ),
    end: Index(
        2,
    ),
    value: Expression_ {
        typ: RefCell {
            value: None,
        },
        expr: FnCall(
            Node {
                start: Index(
                    0,
                ),
                end: Index(
                    0,
                ),
                value: Expression_ {
                    typ: RefCell {
                        value: None,
                    },
                    expr: Identifier(
                        None,
                        Identifier(
                            Node {
                                start: Index(
                                    0,
                                ),
                                end: Index(
                                    0,
                                ),
                                value: Identifier_ {
                                    name: SymbolU32 {
                                        value: 1,
                                    },
                                },
                            },
                        ),
                    ),
                },
            },
            [
                Node {
                    start: Index(
                        1,
                    ),
                    end: Index(
                        2,
                    ),
                    value: Expression_ {
                        typ: RefCell {
                            value: None,
                        },
                        expr: Unit,
                    },
                },
            ],
        ),
    },
}
