---
source: src/parser.rs
assertion_line: 2838
expression: "parse(\"\\\nlet x = a\n  x\nx\")"
---
Input:

let x = a
  x
x

Result:

Let 0:15
    definitions:
        Untyped
            pattern:
                Identifier x 4:5 4:5
            expr:
                FnCall 8:13
                    fn:
                        Identifier a 8:9 8:9
                    args:
                        Identifier x 12:13 12:13
    Identifier x 14:15 14:15
