---
source: src/parser.rs
assertion_line: 3078
expression: "parse(\"\\\nmodule Test\n\nmodule Test.TestInner\n\n  a = 1\n\na = 1\n\")"
---
Input:

module Test

module Test.TestInner

  a = 1

a = 1


Result:

module Test
    exports:

    imports:
        Alma 0:6
            Float 0:6 0:6
            String 0:6 0:6
            Bool 0:6 (True 0:6, False 0:6) 0:6
    type_definitions:

    definitions:
        Untyped
            pattern:
                Identifier a 45:46 45:46
            expr:
                Float 1 49:50


module Test.TestInner
    exports:

    imports:
        Alma 0:6
            Float 0:6 0:6
            String 0:6 0:6
            Bool 0:6 (True 0:6, False 0:6) 0:6
    type_definitions:

    definitions:
        Untyped
            pattern:
                Identifier a 38:39 38:39
            expr:
                Float 1 42:43

