---
source: src/parser.rs
assertion_line: 3682
expression: "parse(\"\\\nmodule Test exposing (main)\n\nmain : Fruit a -> Fruit b -> Fruit c\n\nsignature : Fruit d -> Fruit e -> Fruit f\n\ntest = 5\n\")"
---
Input:

module Test exposing (main)

main : Fruit a -> Fruit b -> Fruit c

signature : Fruit d -> Fruit e -> Fruit f

test = 5


Result:

module Test
    exports:
        main 22:26 22:26
    imports:
        Alma 0:6
            Float 0:6 0:6
            String 0:6 0:6
            Bool 0:6 (True 0:6, False 0:6) 0:6
    type_definitions:

    definitions:
        TypeSignature
            main 29:33:
                Fn
                    params:
                        Fruit 36:41 36:43
                            a 42:43
                        Fruit 47:52 47:54
                            b 53:54
                    Fruit 58:63 58:65
                        c 64:65
        TypeSignature
            signature 67:76:
                Fn
                    params:
                        Fruit 79:84 79:86
                            d 85:86
                        Fruit 90:95 90:97
                            e 96:97
                    Fruit 101:106 101:108
                        f 107:108
        Untyped
            pattern:
                Identifier test 110:114 110:114
            expr:
                Float 5 117:118



