---
source: src/parser.rs
assertion_line: 2759
expression: "parse(\"\\\nmodule Test exposing (a b)\n\na = 1\n\nb = True\")"
---
Input:

module Test exposing (a b)

a = 1

b = True

Result:

Test.alma:1:24

Parsing the module exports expected a comma separated list of exports inside parenthesis, but instead found: `b`

  1│  module Test exposing (a b)
   │                          ↑
  2│  
  3│  a = 1

Error {
    kind: InvalidModuleExportsSeparatorOrLastDelimiter,
    token: Token {
        kind: Identifier(
            SymbolU32 {
                value: 3,
            },
        ),
        indent: 0,
        start: 24,
        end: 25,
        line: 1,
        column: 24,
    },
}
