---
source: src/parser.rs
assertion_line: 3070
expression: "parse(\"\\\nmodule Test exposing (main)\n\nmain : Fruit a b -> Fruit a b\nmain = Fruit\n\ntest = 5\n\")"
---
Input:

module Test exposing (main)

main : Fruit a b -> Fruit a b
main = Fruit

test = 5


Result:

(
    Module {
        name: ModuleName {
            parts: [
                Node {
                    start: Idx(
                        1,
                    ),
                    end: Idx(
                        1,
                    ),
                    value: CapitalizedIdentifier_ {
                        name: SymbolU32 {
                            value: 1,
                        },
                    },
                },
            ],
            full_name: SymbolU32 {
                value: 1,
            },
        },
        exports: [
            Node {
                start: Idx(
                    4,
                ),
                end: Idx(
                    4,
                ),
                value: Identifier(
                    Node {
                        start: Idx(
                            4,
                        ),
                        end: Idx(
                            4,
                        ),
                        value: Identifier_ {
                            name: SymbolU32 {
                                value: 2,
                            },
                        },
                    },
                ),
            },
        ],
        imports: [],
        definitions: [
            Typed(
                TypeSignature {
                    name: Node {
                        start: Idx(
                            6,
                        ),
                        end: Idx(
                            6,
                        ),
                        value: Identifier_ {
                            name: SymbolU32 {
                                value: 2,
                            },
                        },
                    },
                    typ: Fun(
                        [
                            App(
                                Node {
                                    start: Idx(
                                        8,
                                    ),
                                    end: Idx(
                                        10,
                                    ),
                                    value: Constructor_ {
                                        name: Node {
                                            start: Idx(
                                                8,
                                            ),
                                            end: Idx(
                                                8,
                                            ),
                                            value: CapitalizedIdentifier_ {
                                                name: SymbolU32 {
                                                    value: 3,
                                                },
                                            },
                                        },
                                        params: [
                                            Var(
                                                Node {
                                                    start: Idx(
                                                        9,
                                                    ),
                                                    end: Idx(
                                                        9,
                                                    ),
                                                    value: Identifier_ {
                                                        name: SymbolU32 {
                                                            value: 4,
                                                        },
                                                    },
                                                },
                                            ),
                                            Var(
                                                Node {
                                                    start: Idx(
                                                        10,
                                                    ),
                                                    end: Idx(
                                                        10,
                                                    ),
                                                    value: Identifier_ {
                                                        name: SymbolU32 {
                                                            value: 5,
                                                        },
                                                    },
                                                },
                                            ),
                                        ],
                                    },
                                },
                            ),
                        ],
                        App(
                            Node {
                                start: Idx(
                                    12,
                                ),
                                end: Idx(
                                    14,
                                ),
                                value: Constructor_ {
                                    name: Node {
                                        start: Idx(
                                            12,
                                        ),
                                        end: Idx(
                                            12,
                                        ),
                                        value: CapitalizedIdentifier_ {
                                            name: SymbolU32 {
                                                value: 3,
                                            },
                                        },
                                    },
                                    params: [
                                        Var(
                                            Node {
                                                start: Idx(
                                                    13,
                                                ),
                                                end: Idx(
                                                    13,
                                                ),
                                                value: Identifier_ {
                                                    name: SymbolU32 {
                                                        value: 4,
                                                    },
                                                },
                                            },
                                        ),
                                        Var(
                                            Node {
                                                start: Idx(
                                                    14,
                                                ),
                                                end: Idx(
                                                    14,
                                                ),
                                                value: Identifier_ {
                                                    name: SymbolU32 {
                                                        value: 5,
                                                    },
                                                },
                                            },
                                        ),
                                    ],
                                },
                            },
                        ),
                    ),
                },
                Pattern(
                    Node {
                        start: Idx(
                            15,
                        ),
                        end: Idx(
                            15,
                        ),
                        value: Identifier(
                            Node {
                                start: Idx(
                                    15,
                                ),
                                end: Idx(
                                    15,
                                ),
                                value: Identifier_ {
                                    name: SymbolU32 {
                                        value: 2,
                                    },
                                },
                            },
                        ),
                    },
                    Node {
                        start: Idx(
                            17,
                        ),
                        end: Idx(
                            17,
                        ),
                        value: Expression_ {
                            typ: RefCell {
                                value: None,
                            },
                            expr: Identifier(
                                None,
                                CapitalizedIdentifier(
                                    Node {
                                        start: Idx(
                                            17,
                                        ),
                                        end: Idx(
                                            17,
                                        ),
                                        value: CapitalizedIdentifier_ {
                                            name: SymbolU32 {
                                                value: 3,
                                            },
                                        },
                                    },
                                ),
                            ),
                        },
                    },
                ),
            ),
            Untyped(
                Pattern(
                    Node {
                        start: Idx(
                            18,
                        ),
                        end: Idx(
                            18,
                        ),
                        value: Identifier(
                            Node {
                                start: Idx(
                                    18,
                                ),
                                end: Idx(
                                    18,
                                ),
                                value: Identifier_ {
                                    name: SymbolU32 {
                                        value: 6,
                                    },
                                },
                            },
                        ),
                    },
                    Node {
                        start: Idx(
                            20,
                        ),
                        end: Idx(
                            20,
                        ),
                        value: Expression_ {
                            typ: RefCell {
                                value: None,
                            },
                            expr: Float(
                                5.0,
                            ),
                        },
                    },
                ),
            ),
        ],
        type_definitions: [],
    },
    [],
)
