---
source: src/parser.rs
assertion_line: 2346
expression: "parse(\"True\")"
---
Input:

True

Result:

Index(
    0,
)

{
    Index(
        0,
    ): Expression {
        span: Index(
            1,
        ),
        expr: Identifier {
            module: None,
            identifier: CapitalizedIdentifier(
                CapitalizedIdentifier {
                    name: SymbolU32 {
                        value: 1,
                    },
                    span: Index(
                        0,
                    ),
                },
            ),
        },
    },
}

{
    Index(
        0,
    ): Span {
        start: Index(
            0,
        ),
        end: Index(
            0,
        ),
    },
    Index(
        1,
    ): Span {
        start: Index(
            0,
        ),
        end: Index(
            0,
        ),
    },
}
