---
source: src/parser.rs
assertion_line: 3465
expression: "parse(\"\nmodule Test\n\ntype Fruit a = Banana a Phone a\n\")"
---
Input:


module Test

type Fruit a = Banana a Phone a


Result:

module Test
    exports:

    imports:
        Alma 1:7
            Float 1:7 1:7
            String 1:7 1:7
            Bool 1:7 (True 1:7, False 1:7) 1:7
    type_definitions:
        Fruit 19:24 (a 25:26)
            Banana 29:35 29:45
                a 36:37
                Phone 38:43 38:43
                a 44:45
    definitions:




