---
source: src/parser.rs
assertion_line: 2272
expression: "parse(\"not False\")"
---
Input:

not False

Result:

Index(
    1,
)

{
    Index(
        0,
    ): Expression {
        span: Index(
            0,
        ),
        typ: RefCell {
            value: None,
        },
        expr: Bool(
            false,
        ),
    },
    Index(
        1,
    ): Expression {
        span: Index(
            2,
        ),
        typ: RefCell {
            value: None,
        },
        expr: Unary {
            op: Unary {
                span: Index(
                    1,
                ),
                typ: Not,
            },
            expression: Index(
                0,
            ),
        },
    },
}

{
    Index(
        0,
    ): Span {
        start: Index(
            1,
        ),
        end: Index(
            1,
        ),
    },
    Index(
        1,
    ): Span {
        start: Index(
            0,
        ),
        end: Index(
            0,
        ),
    },
    Index(
        2,
    ): Span {
        start: Index(
            0,
        ),
        end: Index(
            1,
        ),
    },
}
