---
source: src/parser.rs
assertion_line: 2681
expression: "parse(\"\\\nmodule Test\n\nimport Banana as B\n\nimport Phone exposing (raffi)\n\nimport Apple as A exposing (orange)\n\")"
---
Input:

module Test

import Banana as B

import Phone exposing (raffi)

import Apple as A exposing (orange)


Result:

(
    Module {
        name: ModuleName {
            parts: [
                CapitalizedIdentifier {
                    name: SymbolU32 {
                        value: 1,
                    },
                    span: Index(
                        0,
                    ),
                },
            ],
            full_name: SymbolU32 {
                value: 1,
            },
        },
        exports: [],
        imports: [
            Import {
                span: Index(
                    3,
                ),
                module_name: ModuleName {
                    parts: [
                        CapitalizedIdentifier {
                            name: SymbolU32 {
                                value: 2,
                            },
                            span: Index(
                                1,
                            ),
                        },
                    ],
                    full_name: SymbolU32 {
                        value: 2,
                    },
                },
                alias: Some(
                    CapitalizedIdentifier {
                        name: SymbolU32 {
                            value: 3,
                        },
                        span: Index(
                            2,
                        ),
                    },
                ),
                exposing: [],
            },
            Import {
                span: Index(
                    6,
                ),
                module_name: ModuleName {
                    parts: [
                        CapitalizedIdentifier {
                            name: SymbolU32 {
                                value: 4,
                            },
                            span: Index(
                                4,
                            ),
                        },
                    ],
                    full_name: SymbolU32 {
                        value: 4,
                    },
                },
                alias: None,
                exposing: [
                    Export {
                        span: Index(
                            5,
                        ),
                        typ: Identifier(
                            Identifier {
                                name: SymbolU32 {
                                    value: 5,
                                },
                                span: Index(
                                    5,
                                ),
                            },
                        ),
                    },
                ],
            },
            Import {
                span: Index(
                    10,
                ),
                module_name: ModuleName {
                    parts: [
                        CapitalizedIdentifier {
                            name: SymbolU32 {
                                value: 6,
                            },
                            span: Index(
                                7,
                            ),
                        },
                    ],
                    full_name: SymbolU32 {
                        value: 6,
                    },
                },
                alias: Some(
                    CapitalizedIdentifier {
                        name: SymbolU32 {
                            value: 7,
                        },
                        span: Index(
                            8,
                        ),
                    },
                ),
                exposing: [
                    Export {
                        span: Index(
                            9,
                        ),
                        typ: Identifier(
                            Identifier {
                                name: SymbolU32 {
                                    value: 8,
                                },
                                span: Index(
                                    9,
                                ),
                            },
                        ),
                    },
                ],
            },
        ],
        definitions: [],
        type_definitions: [],
    },
    [],
)

{}

{
    Index(
        0,
    ): Span {
        start: Index(
            1,
        ),
        end: Index(
            1,
        ),
    },
    Index(
        1,
    ): Span {
        start: Index(
            3,
        ),
        end: Index(
            3,
        ),
    },
    Index(
        2,
    ): Span {
        start: Index(
            5,
        ),
        end: Index(
            5,
        ),
    },
    Index(
        3,
    ): Span {
        start: Index(
            2,
        ),
        end: Index(
            5,
        ),
    },
    Index(
        4,
    ): Span {
        start: Index(
            7,
        ),
        end: Index(
            7,
        ),
    },
    Index(
        5,
    ): Span {
        start: Index(
            10,
        ),
        end: Index(
            10,
        ),
    },
    Index(
        6,
    ): Span {
        start: Index(
            6,
        ),
        end: Index(
            11,
        ),
    },
    Index(
        7,
    ): Span {
        start: Index(
            13,
        ),
        end: Index(
            13,
        ),
    },
    Index(
        8,
    ): Span {
        start: Index(
            15,
        ),
        end: Index(
            15,
        ),
    },
    Index(
        9,
    ): Span {
        start: Index(
            18,
        ),
        end: Index(
            18,
        ),
    },
    Index(
        10,
    ): Span {
        start: Index(
            12,
        ),
        end: Index(
            19,
        ),
    },
}
