---
source: src/parser.rs
expression: "parse(\"let\\n  x = a\\n    x\\nin\\nx\")"

---
Input:

let
  x = a
    x
in
x

Result:

Node {
    start: 0,
    end: 22,
    line: 1,
    column: 0,
    value: Let(
        [
            Definition {
                pattern: Node {
                    start: 6,
                    end: 7,
                    line: 2,
                    column: 2,
                    value: Identifier(
                        Node {
                            start: 6,
                            end: 7,
                            line: 2,
                            column: 2,
                            value: Identifier_ {
                                name: "x",
                                case: Camel,
                            },
                        },
                    ),
                },
                value: Node {
                    start: 10,
                    end: 17,
                    line: 2,
                    column: 6,
                    value: FnCall(
                        Node {
                            start: 10,
                            end: 11,
                            line: 2,
                            column: 6,
                            value: Identifier(
                                Node {
                                    start: 10,
                                    end: 11,
                                    line: 2,
                                    column: 6,
                                    value: Identifier_ {
                                        name: "a",
                                        case: Camel,
                                    },
                                },
                            ),
                        },
                        [
                            Node {
                                start: 16,
                                end: 17,
                                line: 3,
                                column: 4,
                                value: Identifier(
                                    Node {
                                        start: 16,
                                        end: 17,
                                        line: 3,
                                        column: 4,
                                        value: Identifier_ {
                                            name: "x",
                                            case: Camel,
                                        },
                                    },
                                ),
                            },
                        ],
                    ),
                },
            },
        ],
        Node {
            start: 21,
            end: 22,
            line: 5,
            column: 0,
            value: Identifier(
                Node {
                    start: 21,
                    end: 22,
                    line: 5,
                    column: 0,
                    value: Identifier_ {
                        name: "x",
                        case: Camel,
                    },
                },
            ),
        },
    ),
}
