---
source: src/parser.rs
assertion_line: 2283
expression: "parse(\"if True then if False then 1 else 3 else 2\")"
---
Input:

if True then if False then 1 else 3 else 2

Result:

Expression {
    span: Index(
        6,
    ),
    typ: RefCell {
        value: None,
    },
    expr: If {
        condition: Expression {
            span: Index(
                0,
            ),
            typ: RefCell {
                value: None,
            },
            expr: Bool(
                true,
            ),
        },
        then: Expression {
            span: Index(
                4,
            ),
            typ: RefCell {
                value: None,
            },
            expr: If {
                condition: Expression {
                    span: Index(
                        1,
                    ),
                    typ: RefCell {
                        value: None,
                    },
                    expr: Bool(
                        false,
                    ),
                },
                then: Expression {
                    span: Index(
                        2,
                    ),
                    typ: RefCell {
                        value: None,
                    },
                    expr: Float(
                        1.0,
                    ),
                },
                else_: Expression {
                    span: Index(
                        3,
                    ),
                    typ: RefCell {
                        value: None,
                    },
                    expr: Float(
                        3.0,
                    ),
                },
            },
        },
        else_: Expression {
            span: Index(
                5,
            ),
            typ: RefCell {
                value: None,
            },
            expr: Float(
                2.0,
            ),
        },
    },
}
