---
source: src/parser.rs
assertion_line: 2917
expression: "parse(\"\\\nlet\n  incr n = n + 1\nin\nincr 5\n\")"
---
Input:

let
  incr n = n + 1
in
incr 5


Result:

Let 0:30
    definitions:
        Untyped
            Lambda incr 6:10
                params:
                    Identifier n 11:12 11:12
                Binary 15:20 Addition
                    lhs:
                        Identifier n 15:16 15:16
                    rhs:
                        Float 1 19:20
    FnCall 24:30
        fn:
            Identifier incr 24:28 24:28
        args:
            Float 5 29:30
