---
source: src/parser.rs
assertion_line: 3430
expression: "parse(\"\nmodule Test\n\nalias Fruit = { name : String }\n\")"
---
Input:


module Test

alias Fruit = { name : String }


Result:

module Test
    exports:

    imports:
        Alma 1:7
            Float 1:7 1:7
            String 1:7 1:7
            Bool 1:7 (True 1:7, False 1:7) 1:7
    type_definitions:
        Fruit 20:25
            { 28:45
                name 30:34 :
                    String 37:43 37:43
            }
    definitions:




