---
source: src/parser.rs
assertion_line: 3008
expression: "parse(\"\\\nmodule Test exposing (Fruit)\n\ntype Fruit a b = { f : (a -> b) }\n\")"
---
Input:

module Test exposing (Fruit)

type Fruit a b = { f : (a -> b) }


Result:

(
    Module {
        name: ModuleName {
            parts: [
                Node {
                    start: Index(
                        1,
                    ),
                    end: Index(
                        1,
                    ),
                    value: CapitalizedIdentifier_ {
                        name: SymbolU32 {
                            value: 1,
                        },
                    },
                },
            ],
            full_name: SymbolU32 {
                value: 1,
            },
        },
        exports: [
            Node {
                start: Index(
                    4,
                ),
                end: Index(
                    4,
                ),
                value: Type {
                    name: Node {
                        start: Index(
                            4,
                        ),
                        end: Index(
                            4,
                        ),
                        value: CapitalizedIdentifier_ {
                            name: SymbolU32 {
                                value: 2,
                            },
                        },
                    },
                    constructors: [],
                },
            },
        ],
        imports: [],
        definitions: [],
        type_definitions: [
            Node {
                start: Index(
                    6,
                ),
                end: Index(
                    19,
                ),
                value: TypeDefinition_ {
                    name: Node {
                        start: Index(
                            7,
                        ),
                        end: Index(
                            7,
                        ),
                        value: CapitalizedIdentifier_ {
                            name: SymbolU32 {
                                value: 2,
                            },
                        },
                    },
                    vars: [
                        Node {
                            start: Index(
                                8,
                            ),
                            end: Index(
                                8,
                            ),
                            value: Identifier_ {
                                name: SymbolU32 {
                                    value: 3,
                                },
                            },
                        },
                        Node {
                            start: Index(
                                9,
                            ),
                            end: Index(
                                9,
                            ),
                            value: Identifier_ {
                                name: SymbolU32 {
                                    value: 4,
                                },
                            },
                        },
                    ],
                    typ: Record(
                        Record(
                            Node {
                                start: Index(
                                    11,
                                ),
                                end: Index(
                                    19,
                                ),
                                value: Record_ {
                                    fields: [
                                        (
                                            Node {
                                                start: Index(
                                                    12,
                                                ),
                                                end: Index(
                                                    12,
                                                ),
                                                value: Identifier_ {
                                                    name: SymbolU32 {
                                                        value: 5,
                                                    },
                                                },
                                            },
                                            Fun {
                                                params: [
                                                    Var(
                                                        Node {
                                                            start: Index(
                                                                15,
                                                            ),
                                                            end: Index(
                                                                15,
                                                            ),
                                                            value: Identifier_ {
                                                                name: SymbolU32 {
                                                                    value: 3,
                                                                },
                                                            },
                                                        },
                                                    ),
                                                ],
                                                ret: Var(
                                                    Node {
                                                        start: Index(
                                                            17,
                                                        ),
                                                        end: Index(
                                                            17,
                                                        ),
                                                        value: Identifier_ {
                                                            name: SymbolU32 {
                                                                value: 4,
                                                            },
                                                        },
                                                    },
                                                ),
                                            },
                                        ),
                                    ],
                                },
                            },
                        ),
                    ),
                },
            },
        ],
    },
    [],
)
