---
source: src/parser.rs
assertion_line: 2815
expression: "parse(\"if True then if False then 1 else 3 else 2\")"
---
Input:

if True then if False then 1 else 3 else 2

Result:

If 0:42
    condition:
        Identifier True 3:7 3:7
    then:
        If 13:35
            condition:
                Identifier False 16:21 16:21
            then:
                Float 1 27:28
            else:
                Float 3 34:35
    else:
        Float 2 41:42
