---
source: src/parser.rs
expression: "parse(\"module Parent\\n\\nmodule Parent.Test\")"

---
Input:

module Parent

module Parent.Test

Result:

[
    Module {
        name: ModuleName {
            parts: [
                Node {
                    start: 22,
                    end: 28,
                    line: 3,
                    column: 7,
                    value: Identifier_ {
                        name: "Parent",
                        case: Pascal,
                    },
                },
                Node {
                    start: 29,
                    end: 33,
                    line: 3,
                    column: 14,
                    value: Identifier_ {
                        name: "Test",
                        case: Pascal,
                    },
                },
            ],
            full_name: "Parent.Test",
        },
        exports: [],
        imports: [],
        definitions: [],
    },
    Module {
        name: ModuleName {
            parts: [
                Node {
                    start: 7,
                    end: 13,
                    line: 1,
                    column: 7,
                    value: Identifier_ {
                        name: "Parent",
                        case: Pascal,
                    },
                },
            ],
            full_name: "Parent",
        },
        exports: [],
        imports: [],
        definitions: [],
    },
]
