---
source: src/parser.rs
assertion_line: 2884
expression: "parse(\"\nmodule Test\n\ntype Fruit a = { test : (Banana a (Phone a)) }\n\")"
---
Input:


module Test

type Fruit a = { test : (Banana a (Phone a)) }


Result:

(
    Module {
        name: ModuleName {
            parts: [
                Node {
                    start: Index(
                        1,
                    ),
                    end: Index(
                        1,
                    ),
                    value: CapitalizedIdentifier_ {
                        name: SymbolU32 {
                            value: 1,
                        },
                    },
                },
            ],
            full_name: SymbolU32 {
                value: 1,
            },
        },
        exports: [],
        imports: [],
        definitions: [],
        type_definitions: [
            Node {
                start: Index(
                    2,
                ),
                end: Index(
                    17,
                ),
                value: TypeDefinition_ {
                    name: Node {
                        start: Index(
                            3,
                        ),
                        end: Index(
                            3,
                        ),
                        value: CapitalizedIdentifier_ {
                            name: SymbolU32 {
                                value: 2,
                            },
                        },
                    },
                    vars: [
                        Node {
                            start: Index(
                                4,
                            ),
                            end: Index(
                                4,
                            ),
                            value: Identifier_ {
                                name: SymbolU32 {
                                    value: 3,
                                },
                            },
                        },
                    ],
                    typ: Record(
                        Record(
                            Node {
                                start: Index(
                                    6,
                                ),
                                end: Index(
                                    17,
                                ),
                                value: Record_ {
                                    fields: [
                                        (
                                            Node {
                                                start: Index(
                                                    7,
                                                ),
                                                end: Index(
                                                    7,
                                                ),
                                                value: Identifier_ {
                                                    name: SymbolU32 {
                                                        value: 4,
                                                    },
                                                },
                                            },
                                            App(
                                                Node {
                                                    start: Index(
                                                        10,
                                                    ),
                                                    end: Index(
                                                        15,
                                                    ),
                                                    value: Constructor_ {
                                                        name: Node {
                                                            start: Index(
                                                                10,
                                                            ),
                                                            end: Index(
                                                                10,
                                                            ),
                                                            value: CapitalizedIdentifier_ {
                                                                name: SymbolU32 {
                                                                    value: 5,
                                                                },
                                                            },
                                                        },
                                                        params: [
                                                            Var(
                                                                Node {
                                                                    start: Index(
                                                                        11,
                                                                    ),
                                                                    end: Index(
                                                                        11,
                                                                    ),
                                                                    value: Identifier_ {
                                                                        name: SymbolU32 {
                                                                            value: 3,
                                                                        },
                                                                    },
                                                                },
                                                            ),
                                                            App(
                                                                Node {
                                                                    start: Index(
                                                                        13,
                                                                    ),
                                                                    end: Index(
                                                                        14,
                                                                    ),
                                                                    value: Constructor_ {
                                                                        name: Node {
                                                                            start: Index(
                                                                                13,
                                                                            ),
                                                                            end: Index(
                                                                                13,
                                                                            ),
                                                                            value: CapitalizedIdentifier_ {
                                                                                name: SymbolU32 {
                                                                                    value: 6,
                                                                                },
                                                                            },
                                                                        },
                                                                        params: [
                                                                            Var(
                                                                                Node {
                                                                                    start: Index(
                                                                                        14,
                                                                                    ),
                                                                                    end: Index(
                                                                                        14,
                                                                                    ),
                                                                                    value: Identifier_ {
                                                                                        name: SymbolU32 {
                                                                                            value: 3,
                                                                                        },
                                                                                    },
                                                                                },
                                                                            ),
                                                                        ],
                                                                    },
                                                                },
                                                            ),
                                                        ],
                                                    },
                                                },
                                            ),
                                        ),
                                    ],
                                },
                            },
                        ),
                    ),
                },
            },
        ],
    },
    [],
)
