---
source: src/parser.rs
assertion_line: 2411
expression: "parse(\"{ x = { x = 5 } }\")"
---
Input:

{ x = { x = 5 } }

Result:

Expression {
    span: Index(
        4,
    ),
    typ: RefCell {
        value: None,
    },
    expr: Record {
        fields: [
            (
                Identifier {
                    name: SymbolU32 {
                        value: 1,
                    },
                    span: Index(
                        0,
                    ),
                },
                Expression {
                    span: Index(
                        3,
                    ),
                    typ: RefCell {
                        value: None,
                    },
                    expr: Record {
                        fields: [
                            (
                                Identifier {
                                    name: SymbolU32 {
                                        value: 1,
                                    },
                                    span: Index(
                                        1,
                                    ),
                                },
                                Expression {
                                    span: Index(
                                        2,
                                    ),
                                    typ: RefCell {
                                        value: None,
                                    },
                                    expr: Float(
                                        5.0,
                                    ),
                                },
                            ),
                        ],
                    },
                },
            ),
        ],
    },
}
