---
source: src/parser.rs
assertion_line: 3094
expression: "parse(\"\\\nmodule Test exposing (main)\n\nmain =\n    let\n        test : Fruit a -> Fruit b -> Fruit c\n\n        test2 : Fruit a -> Fruit b -> Fruit c\n        test2 a b = c\n\n        test3 a b = c\n\n    test\n\")"
---
Input:

module Test exposing (main)

main =
    let
        test : Fruit a -> Fruit b -> Fruit c

        test2 : Fruit a -> Fruit b -> Fruit c
        test2 a b = c

        test3 a b = c

    test


Result:

(
    Module {
        name: ModuleName {
            parts: [
                Node {
                    start: 1,
                    end: 1,
                    value: CapitalizedIdentifier_ {
                        name: SymbolU32 {
                            value: 1,
                        },
                    },
                },
            ],
            full_name: SymbolU32 {
                value: 1,
            },
        },
        exports: [
            Node {
                start: 4,
                end: 4,
                value: Identifier(
                    Node {
                        start: 4,
                        end: 4,
                        value: Identifier_ {
                            name: SymbolU32 {
                                value: 2,
                            },
                        },
                    },
                ),
            },
        ],
        imports: [],
        definitions: [
            Untyped(
                Pattern(
                    Node {
                        start: 6,
                        end: 6,
                        value: Identifier(
                            Node {
                                start: 6,
                                end: 6,
                                value: Identifier_ {
                                    name: SymbolU32 {
                                        value: 2,
                                    },
                                },
                            },
                        ),
                    },
                    Node {
                        start: 8,
                        end: 39,
                        value: Expression_ {
                            typ: RefCell {
                                value: None,
                            },
                            expr: Let(
                                [
                                    TypeSignature(
                                        TypeSignature {
                                            name: Node {
                                                start: 9,
                                                end: 9,
                                                value: Identifier_ {
                                                    name: SymbolU32 {
                                                        value: 3,
                                                    },
                                                },
                                            },
                                            typ: Fun(
                                                [
                                                    App(
                                                        Node {
                                                            start: 11,
                                                            end: 12,
                                                            value: Constructor_ {
                                                                name: Node {
                                                                    start: 11,
                                                                    end: 11,
                                                                    value: CapitalizedIdentifier_ {
                                                                        name: SymbolU32 {
                                                                            value: 4,
                                                                        },
                                                                    },
                                                                },
                                                                params: [
                                                                    Var(
                                                                        Node {
                                                                            start: 12,
                                                                            end: 12,
                                                                            value: Identifier_ {
                                                                                name: SymbolU32 {
                                                                                    value: 5,
                                                                                },
                                                                            },
                                                                        },
                                                                    ),
                                                                ],
                                                            },
                                                        },
                                                    ),
                                                    App(
                                                        Node {
                                                            start: 14,
                                                            end: 15,
                                                            value: Constructor_ {
                                                                name: Node {
                                                                    start: 14,
                                                                    end: 14,
                                                                    value: CapitalizedIdentifier_ {
                                                                        name: SymbolU32 {
                                                                            value: 4,
                                                                        },
                                                                    },
                                                                },
                                                                params: [
                                                                    Var(
                                                                        Node {
                                                                            start: 15,
                                                                            end: 15,
                                                                            value: Identifier_ {
                                                                                name: SymbolU32 {
                                                                                    value: 6,
                                                                                },
                                                                            },
                                                                        },
                                                                    ),
                                                                ],
                                                            },
                                                        },
                                                    ),
                                                ],
                                                App(
                                                    Node {
                                                        start: 17,
                                                        end: 18,
                                                        value: Constructor_ {
                                                            name: Node {
                                                                start: 17,
                                                                end: 17,
                                                                value: CapitalizedIdentifier_ {
                                                                    name: SymbolU32 {
                                                                        value: 4,
                                                                    },
                                                                },
                                                            },
                                                            params: [
                                                                Var(
                                                                    Node {
                                                                        start: 18,
                                                                        end: 18,
                                                                        value: Identifier_ {
                                                                            name: SymbolU32 {
                                                                                value: 7,
                                                                            },
                                                                        },
                                                                    },
                                                                ),
                                                            ],
                                                        },
                                                    },
                                                ),
                                            ),
                                        },
                                    ),
                                    Typed(
                                        TypeSignature {
                                            name: Node {
                                                start: 19,
                                                end: 19,
                                                value: Identifier_ {
                                                    name: SymbolU32 {
                                                        value: 8,
                                                    },
                                                },
                                            },
                                            typ: Fun(
                                                [
                                                    App(
                                                        Node {
                                                            start: 21,
                                                            end: 22,
                                                            value: Constructor_ {
                                                                name: Node {
                                                                    start: 21,
                                                                    end: 21,
                                                                    value: CapitalizedIdentifier_ {
                                                                        name: SymbolU32 {
                                                                            value: 4,
                                                                        },
                                                                    },
                                                                },
                                                                params: [
                                                                    Var(
                                                                        Node {
                                                                            start: 22,
                                                                            end: 22,
                                                                            value: Identifier_ {
                                                                                name: SymbolU32 {
                                                                                    value: 5,
                                                                                },
                                                                            },
                                                                        },
                                                                    ),
                                                                ],
                                                            },
                                                        },
                                                    ),
                                                    App(
                                                        Node {
                                                            start: 24,
                                                            end: 25,
                                                            value: Constructor_ {
                                                                name: Node {
                                                                    start: 24,
                                                                    end: 24,
                                                                    value: CapitalizedIdentifier_ {
                                                                        name: SymbolU32 {
                                                                            value: 4,
                                                                        },
                                                                    },
                                                                },
                                                                params: [
                                                                    Var(
                                                                        Node {
                                                                            start: 25,
                                                                            end: 25,
                                                                            value: Identifier_ {
                                                                                name: SymbolU32 {
                                                                                    value: 6,
                                                                                },
                                                                            },
                                                                        },
                                                                    ),
                                                                ],
                                                            },
                                                        },
                                                    ),
                                                ],
                                                App(
                                                    Node {
                                                        start: 27,
                                                        end: 28,
                                                        value: Constructor_ {
                                                            name: Node {
                                                                start: 27,
                                                                end: 27,
                                                                value: CapitalizedIdentifier_ {
                                                                    name: SymbolU32 {
                                                                        value: 4,
                                                                    },
                                                                },
                                                            },
                                                            params: [
                                                                Var(
                                                                    Node {
                                                                        start: 28,
                                                                        end: 28,
                                                                        value: Identifier_ {
                                                                            name: SymbolU32 {
                                                                                value: 7,
                                                                            },
                                                                        },
                                                                    },
                                                                ),
                                                            ],
                                                        },
                                                    },
                                                ),
                                            ),
                                        },
                                        Lambda(
                                            Node {
                                                start: 29,
                                                end: 29,
                                                value: Identifier_ {
                                                    name: SymbolU32 {
                                                        value: 8,
                                                    },
                                                },
                                            },
                                            Lambda {
                                                parameters: [
                                                    Node {
                                                        start: 30,
                                                        end: 30,
                                                        value: Identifier(
                                                            Node {
                                                                start: 30,
                                                                end: 30,
                                                                value: Identifier_ {
                                                                    name: SymbolU32 {
                                                                        value: 5,
                                                                    },
                                                                },
                                                            },
                                                        ),
                                                    },
                                                    Node {
                                                        start: 31,
                                                        end: 31,
                                                        value: Identifier(
                                                            Node {
                                                                start: 31,
                                                                end: 31,
                                                                value: Identifier_ {
                                                                    name: SymbolU32 {
                                                                        value: 6,
                                                                    },
                                                                },
                                                            },
                                                        ),
                                                    },
                                                ],
                                                body: Node {
                                                    start: 33,
                                                    end: 33,
                                                    value: Expression_ {
                                                        typ: RefCell {
                                                            value: None,
                                                        },
                                                        expr: Identifier(
                                                            None,
                                                            Identifier(
                                                                Node {
                                                                    start: 33,
                                                                    end: 33,
                                                                    value: Identifier_ {
                                                                        name: SymbolU32 {
                                                                            value: 7,
                                                                        },
                                                                    },
                                                                },
                                                            ),
                                                        ),
                                                    },
                                                },
                                            },
                                        ),
                                    ),
                                    Untyped(
                                        Lambda(
                                            Node {
                                                start: 34,
                                                end: 34,
                                                value: Identifier_ {
                                                    name: SymbolU32 {
                                                        value: 9,
                                                    },
                                                },
                                            },
                                            Lambda {
                                                parameters: [
                                                    Node {
                                                        start: 35,
                                                        end: 35,
                                                        value: Identifier(
                                                            Node {
                                                                start: 35,
                                                                end: 35,
                                                                value: Identifier_ {
                                                                    name: SymbolU32 {
                                                                        value: 5,
                                                                    },
                                                                },
                                                            },
                                                        ),
                                                    },
                                                    Node {
                                                        start: 36,
                                                        end: 36,
                                                        value: Identifier(
                                                            Node {
                                                                start: 36,
                                                                end: 36,
                                                                value: Identifier_ {
                                                                    name: SymbolU32 {
                                                                        value: 6,
                                                                    },
                                                                },
                                                            },
                                                        ),
                                                    },
                                                ],
                                                body: Node {
                                                    start: 38,
                                                    end: 38,
                                                    value: Expression_ {
                                                        typ: RefCell {
                                                            value: None,
                                                        },
                                                        expr: Identifier(
                                                            None,
                                                            Identifier(
                                                                Node {
                                                                    start: 38,
                                                                    end: 38,
                                                                    value: Identifier_ {
                                                                        name: SymbolU32 {
                                                                            value: 7,
                                                                        },
                                                                    },
                                                                },
                                                            ),
                                                        ),
                                                    },
                                                },
                                            },
                                        ),
                                    ),
                                ],
                                Node {
                                    start: 39,
                                    end: 39,
                                    value: Expression_ {
                                        typ: RefCell {
                                            value: None,
                                        },
                                        expr: Identifier(
                                            None,
                                            Identifier(
                                                Node {
                                                    start: 39,
                                                    end: 39,
                                                    value: Identifier_ {
                                                        name: SymbolU32 {
                                                            value: 3,
                                                        },
                                                    },
                                                },
                                            ),
                                        ),
                                    },
                                },
                            ),
                        },
                    },
                ),
            ),
        ],
        type_definitions: [],
    },
    [],
)
