---
source: src/parser.rs
assertion_line: 2244
expression: "parse(\"(((1))))\")"

---
Input:

(((1))))

Result:

:1:7

Expected the end of input, but instead found: `)`

  1│  (((1))))
   │         ↑

Error {
    kind: InvalidEndOfInput,
    token: Token {
        kind: RightParen,
        position: 7,
        end_position: 8,
        lexeme: ")",
        line: 1,
        column: 7,
        indent: 0,
    },
}
