---
source: src/parser.rs
assertion_line: 2980
expression: "parse(\"function record.access\")"
---
Input:

function record.access

Result:

FnCall 0:22
    fn:
        Identifier function 0:8 0:8
    args:
        PropertyAccess 9:22
            expression:
                Identifier record 9:15 9:15
            property: access 16:22
