---
source: src/infer.rs
assertion_line: 2816
expression: "infer(\"{ { age = 5 } | age = \\\"Hi\\\" }\")"
---
Input:

{ { age = 5 } | age = "Hi" }

---
Output:

Test.alma [3:9]

Type mismatch:  { age : Float }  ≠  { a | age : String }

Expected

  1│  module Test exposing (test)
  2│  
  3│  test = { { age = 5 } | age = "Hi" }
   │           ↑↑↑↑↑↑↑↑↑↑↑

to be

    { a | age : String }

but seems to be

    { age : Float }
