---
source: src/parser.rs
assertion_line: 3076
expression: "parse(\"\nmodule Test\n\nalias Fruit = {\n\")"
---
Input:


module Test

alias Fruit = {


Result:

Test.alma:5:0

Expected a record literal `{ x : Int, y : Int }`or an extensible record `{ a | x : Int, y : Int }`, but instead found: `[End of file]`

  3│  module Test
  4│  
  5│  alias Fruit = {
   │                 ↑

Error {
    kind: InvalidRecordTypeFieldKeyOrExtensibleRecordVariable,
    token: Token {
        kind: Eof,
        indent: 0,
        start: 30,
        end: 30,
        line: 5,
        column: 0,
    },
}
