---
source: src/parser.rs
assertion_line: 3501
expression: "parse(\"\\\nmodule Test exposing (main)\n\ntype Fruit = Banana\n\nmain = Banana\n\")"
---
Input:

module Test exposing (main)

type Fruit = Banana

main = Banana


Result:

module Test
    exports:
        main 22:26 22:26
    imports:
        Alma 0:6
            Float 0:6 0:6
            String 0:6 0:6
            Bool 0:6 (True 0:6, False 0:6) 0:6
    type_definitions:
        Fruit 34:39
            Banana 42:48 42:48
    definitions:
        Untyped
            pattern:
                Identifier main 50:54 50:54
            expr:
                Identifier Banana 57:63 57:63



