---
source: src/parser.rs
assertion_line: 2330
expression: "parse(\"\\\nlet\n  x = a\n  x\nin\nx\")"
---
Input:

let
  x = a
  x
in
x

Result:

:4:0

Expected an `=` sign or list of parameters for the definition of `x`, but instead found: `in`

  2│    x = a
  3│    x
  4│  in
   │  ↑↑
  5│  x

Error {
    kind: InvalidLetBindingParametersOrEqualSeparator {
        definition_identifier: Identifier {
            name: SymbolU32 {
                value: 1,
            },
            span: Index(
                3,
            ),
        },
    },
    token: Token {
        kind: In,
        indent: 0,
        start: 16,
        end: 18,
        line: 4,
        column: 0,
    },
}
