---
source: src/infer.rs
assertion_line: 2316
expression: "infer(\".name { age = 1 }\")"
---
Input:

.name { age = 1 }

---
Output:

[3:13]

Type mismatch:  { age : Float }  ≠  { a | name : b }

Expected

  1│  module Test exposing (test)
  2│  
  3│  test = .name { age = 1 }
   │               ↑↑↑↑↑↑↑↑↑↑↑

to be

{ a | name : b }

but seems to be

{ age : Float }
