---
source: src/parser.rs
assertion_line: 2212
expression: "parse(\"incr (-5)\")"
---
Input:

incr (-5)

Result:

Node {
    start: Idx(
        0,
    ),
    end: Idx(
        3,
    ),
    value: Expression_ {
        typ: RefCell {
            value: None,
        },
        expr: FnCall(
            Node {
                start: Idx(
                    0,
                ),
                end: Idx(
                    0,
                ),
                value: Expression_ {
                    typ: RefCell {
                        value: None,
                    },
                    expr: Identifier(
                        None,
                        Identifier(
                            Node {
                                start: Idx(
                                    0,
                                ),
                                end: Idx(
                                    0,
                                ),
                                value: Identifier_ {
                                    name: SymbolU32 {
                                        value: 1,
                                    },
                                },
                            },
                        ),
                    ),
                },
            },
            [
                Node {
                    start: Idx(
                        2,
                    ),
                    end: Idx(
                        3,
                    ),
                    value: Expression_ {
                        typ: RefCell {
                            value: None,
                        },
                        expr: Unary(
                            Node {
                                start: Idx(
                                    2,
                                ),
                                end: Idx(
                                    2,
                                ),
                                value: Minus,
                            },
                            Node {
                                start: Idx(
                                    3,
                                ),
                                end: Idx(
                                    3,
                                ),
                                value: Expression_ {
                                    typ: RefCell {
                                        value: None,
                                    },
                                    expr: Float(
                                        5.0,
                                    ),
                                },
                            },
                        ),
                    },
                },
            ],
        ),
    },
}
