---
source: src/infer.rs
assertion_line: 2315
expression: "infer(\".name { name = 1 }\")"
---
Input:

.name { name = 1 }

---
Output:

module Alma



False : ∀ ∅ . Bool

True : ∀ ∅ . Bool



add : ∀ ∅ . Float -> Float -> Float

and_ : ∀ ∅ . Bool -> Bool -> Bool

div : ∀ ∅ . Float -> Float -> Float

eq : ∀ a . a -> a -> Bool

ge : ∀ ∅ . Float -> Float -> Bool

gt : ∀ ∅ . Float -> Float -> Bool

le : ∀ ∅ . Float -> Float -> Bool

lt : ∀ ∅ . Float -> Float -> Bool

mult : ∀ ∅ . Float -> Float -> Float

ne : ∀ a . a -> a -> Bool

or_ : ∀ ∅ . Bool -> Bool -> Bool

sub : ∀ ∅ . Float -> Float -> Float


module Test

test : ∀ ∅ . Float
