---
source: src/parser.rs
assertion_line: 2443
expression: "parse(\"\\\nmodule Test\n\na = 1\")"
---
Input:

module Test

a = 1

Result:

(
    Module {
        name: ModuleName {
            parts: [
                Node {
                    start: 1,
                    end: 1,
                    value: CapitalizedIdentifier_ {
                        name: SymbolU32 {
                            value: 1,
                        },
                    },
                },
            ],
            full_name: SymbolU32 {
                value: 1,
            },
        },
        exports: [],
        imports: [],
        definitions: [
            Untyped(
                Pattern(
                    Node {
                        start: 2,
                        end: 2,
                        value: Identifier(
                            Node {
                                start: 2,
                                end: 2,
                                value: Identifier_ {
                                    name: SymbolU32 {
                                        value: 2,
                                    },
                                },
                            },
                        ),
                    },
                    Node {
                        start: 4,
                        end: 4,
                        value: Expression_ {
                            typ: RefCell {
                                value: None,
                            },
                            expr: Float(
                                1.0,
                            ),
                        },
                    },
                ),
            ),
        ],
        type_definitions: [],
    },
    [],
)
