---
source: src/parser.rs
assertion_line: 3039
expression: "parse(\"\\\nmodule Test exposing (main)\n\nmain : Fruit\n\")"
---
Input:

module Test exposing (main)

main : Fruit


Result:

(
    Module {
        name: ModuleName {
            parts: [
                CapitalizedIdentifier {
                    name: SymbolU32 {
                        value: 1,
                    },
                    span: Index(
                        0,
                    ),
                },
            ],
            full_name: SymbolU32 {
                value: 1,
            },
        },
        exports: [
            Export {
                span: Index(
                    1,
                ),
                typ: Identifier(
                    Identifier {
                        name: SymbolU32 {
                            value: 2,
                        },
                        span: Index(
                            1,
                        ),
                    },
                ),
            },
        ],
        imports: [],
        definitions: [
            TypeSignature(
                TypeSignature {
                    name: Identifier {
                        name: SymbolU32 {
                            value: 2,
                        },
                        span: Index(
                            2,
                        ),
                    },
                    typ: App(
                        Constructor {
                            span: Index(
                                4,
                            ),
                            name: CapitalizedIdentifier {
                                name: SymbolU32 {
                                    value: 3,
                                },
                                span: Index(
                                    3,
                                ),
                            },
                            params: [],
                        },
                    ),
                },
            ),
        ],
        type_definitions: [],
    },
    [],
)
