---
source: src/parser.rs
assertion_line: 2525
expression: "parse(\"\\\nmodule Parent\n\nmodule Parent.Test\")"
---
Input:

module Parent

module Parent.Test

Result:

(
    Module {
        name: ModuleName {
            parts: [
                CapitalizedIdentifier {
                    name: SymbolU32 {
                        value: 1,
                    },
                    span: Index(
                        0,
                    ),
                },
            ],
            full_name: SymbolU32 {
                value: 1,
            },
        },
        exports: [],
        imports: [],
        definitions: [],
        type_definitions: [],
    },
    [
        Module {
            name: ModuleName {
                parts: [
                    CapitalizedIdentifier {
                        name: SymbolU32 {
                            value: 1,
                        },
                        span: Index(
                            1,
                        ),
                    },
                    CapitalizedIdentifier {
                        name: SymbolU32 {
                            value: 2,
                        },
                        span: Index(
                            2,
                        ),
                    },
                ],
                full_name: SymbolU32 {
                    value: 3,
                },
            },
            exports: [],
            imports: [],
            definitions: [],
            type_definitions: [],
        },
    ],
)
