---
source: src/parser.rs
expression: "parse(\"\\\\a b -> a\")"

---
Input:

\a b -> a

Result:

Node {
    start: 0,
    end: 9,
    line: 1,
    column: 0,
    value: Expression_ {
        typ: RefCell {
            value: None,
        },
        expr: Lambda(
            [
                Node {
                    start: 1,
                    end: 2,
                    line: 1,
                    column: 1,
                    value: Identifier(
                        Node {
                            start: 1,
                            end: 2,
                            line: 1,
                            column: 1,
                            value: Identifier_ {
                                name: SymbolU32 {
                                    value: 1,
                                },
                                case: Camel,
                            },
                        },
                    ),
                },
                Node {
                    start: 3,
                    end: 4,
                    line: 1,
                    column: 3,
                    value: Identifier(
                        Node {
                            start: 3,
                            end: 4,
                            line: 1,
                            column: 3,
                            value: Identifier_ {
                                name: SymbolU32 {
                                    value: 2,
                                },
                                case: Camel,
                            },
                        },
                    ),
                },
            ],
            Node {
                start: 8,
                end: 9,
                line: 1,
                column: 8,
                value: Expression_ {
                    typ: RefCell {
                        value: None,
                    },
                    expr: Identifier(
                        Node {
                            start: 8,
                            end: 9,
                            line: 1,
                            column: 8,
                            value: Identifier_ {
                                name: SymbolU32 {
                                    value: 1,
                                },
                                case: Camel,
                            },
                        },
                    ),
                },
            },
        ),
    },
}
