---
source: src/parser.rs
assertion_line: 2950
expression: "parse(\"a.b.c.d\")"
---
Input:

a.b.c.d

Result:

PropertyAccess 0:7
    expression:
        PropertyAccess 0:5
            expression:
                PropertyAccess 0:3
                    expression:
                        Identifier a 0:1 0:1
                    property: b 2:3
            property: c 4:5
    property: d 6:7
