---
source: src/parser.rs
assertion_line: 3186
expression: "parse(\"\\\nmodule Test\n\nimport Banana exposing (phone)\")"
---
Input:

module Test

import Banana exposing (phone)

Result:

module Test
    exports:

    imports:
        Alma 0:6
            Float 0:6 0:6
            String 0:6 0:6
            Bool 0:6 (True 0:6, False 0:6) 0:6
        Banana 13:43
            phone 37:42 37:42
    type_definitions:

    definitions:




