---
source: src/parser.rs
assertion_line: 2211
expression: "parse(\"- 5\")"
---
Input:

- 5

Result:

Node {
    start: Idx(
        0,
    ),
    end: Idx(
        1,
    ),
    value: Expression_ {
        typ: RefCell {
            value: None,
        },
        expr: Unary(
            Node {
                start: Idx(
                    0,
                ),
                end: Idx(
                    0,
                ),
                value: Minus,
            },
            Node {
                start: Idx(
                    1,
                ),
                end: Idx(
                    1,
                ),
                value: Expression_ {
                    typ: RefCell {
                        value: None,
                    },
                    expr: Float(
                        5.0,
                    ),
                },
            },
        ),
    },
}
