---
source: src/parser.rs
assertion_line: 2213
expression: "parse(\"incr (-5)\")"
---
Input:

incr (-5)

Result:

Node {
    start: 0,
    end: 3,
    value: Expression_ {
        typ: RefCell {
            value: None,
        },
        expr: FnCall(
            Node {
                start: 0,
                end: 0,
                value: Expression_ {
                    typ: RefCell {
                        value: None,
                    },
                    expr: Identifier(
                        None,
                        Identifier(
                            Node {
                                start: 0,
                                end: 0,
                                value: Identifier_ {
                                    name: SymbolU32 {
                                        value: 1,
                                    },
                                },
                            },
                        ),
                    ),
                },
            },
            [
                Node {
                    start: 2,
                    end: 3,
                    value: Expression_ {
                        typ: RefCell {
                            value: None,
                        },
                        expr: Unary(
                            Node {
                                start: 2,
                                end: 2,
                                value: Minus,
                            },
                            Node {
                                start: 3,
                                end: 3,
                                value: Expression_ {
                                    typ: RefCell {
                                        value: None,
                                    },
                                    expr: Float(
                                        5.0,
                                    ),
                                },
                            },
                        ),
                    },
                },
            ],
        ),
    },
}
