---
source: src/parser.rs
assertion_line: 2880
expression: "parse(\"\nmodule Test\n\ntype Fruit a = { test : Banana a (Phone a) }\n\")"
---
Input:


module Test

type Fruit a = { test : Banana a (Phone a) }


Result:

(
    Module {
        name: ModuleName {
            parts: [
                Node {
                    start: 1,
                    end: 1,
                    value: CapitalizedIdentifier_ {
                        name: SymbolU32 {
                            value: 1,
                        },
                    },
                },
            ],
            full_name: SymbolU32 {
                value: 1,
            },
        },
        exports: [],
        imports: [],
        definitions: [],
        type_definitions: [
            Node {
                start: 2,
                end: 15,
                value: TypeDefinition_ {
                    name: Node {
                        start: 3,
                        end: 3,
                        value: CapitalizedIdentifier_ {
                            name: SymbolU32 {
                                value: 2,
                            },
                        },
                    },
                    vars: [
                        Node {
                            start: 4,
                            end: 4,
                            value: Identifier_ {
                                name: SymbolU32 {
                                    value: 3,
                                },
                            },
                        },
                    ],
                    typ: Record(
                        Record(
                            Node {
                                start: 6,
                                end: 15,
                                value: Record_ {
                                    fields: [
                                        (
                                            Node {
                                                start: 7,
                                                end: 7,
                                                value: Identifier_ {
                                                    name: SymbolU32 {
                                                        value: 4,
                                                    },
                                                },
                                            },
                                            App(
                                                Node {
                                                    start: 9,
                                                    end: 14,
                                                    value: Constructor_ {
                                                        name: Node {
                                                            start: 9,
                                                            end: 9,
                                                            value: CapitalizedIdentifier_ {
                                                                name: SymbolU32 {
                                                                    value: 5,
                                                                },
                                                            },
                                                        },
                                                        params: [
                                                            Var(
                                                                Node {
                                                                    start: 10,
                                                                    end: 10,
                                                                    value: Identifier_ {
                                                                        name: SymbolU32 {
                                                                            value: 3,
                                                                        },
                                                                    },
                                                                },
                                                            ),
                                                            App(
                                                                Node {
                                                                    start: 12,
                                                                    end: 13,
                                                                    value: Constructor_ {
                                                                        name: Node {
                                                                            start: 12,
                                                                            end: 12,
                                                                            value: CapitalizedIdentifier_ {
                                                                                name: SymbolU32 {
                                                                                    value: 6,
                                                                                },
                                                                            },
                                                                        },
                                                                        params: [
                                                                            Var(
                                                                                Node {
                                                                                    start: 13,
                                                                                    end: 13,
                                                                                    value: Identifier_ {
                                                                                        name: SymbolU32 {
                                                                                            value: 3,
                                                                                        },
                                                                                    },
                                                                                },
                                                                            ),
                                                                        ],
                                                                    },
                                                                },
                                                            ),
                                                        ],
                                                    },
                                                },
                                            ),
                                        ),
                                    ],
                                },
                            },
                        ),
                    ),
                },
            },
        ],
    },
    [],
)
