---
source: src/parser.rs
assertion_line: 2200
expression: "parse(\"{ 1 : 5 }\")"

---
Input:

{ 1 : 5 }

Result:

1:4: Expected `|` between the record and the fields to update (like this `{ record | field = 5 }`), but instead found: `:`

  1│  { 1 : 5 }
   │      ↑

Error {
    message: "1:4: Expected `|` between the record and the fields to update (like this `{ record | field = 5 }`), but instead found: `:`\n\n  1│  { 1 : 5 }\n   │      ↑",
    token: Token {
        kind: Colon,
        position: 4,
        end_position: 5,
        lexeme: ":",
        line: 1,
        column: 4,
        indent: 0,
    },
}
