---
source: src/parser.rs
assertion_line: 2953
expression: "parse(\"\\\nmodule Test exposing (Fruit(Banana))\n\ntype Fruit = Banana\n\")"
---
Input:

module Test exposing (Fruit(Banana))

type Fruit = Banana


Result:

(
    Module {
        name: ModuleName {
            parts: [
                CapitalizedIdentifier {
                    name: SymbolU32 {
                        value: 1,
                    },
                    span: Index(
                        0,
                    ),
                },
            ],
            full_name: SymbolU32 {
                value: 1,
            },
        },
        exports: [
            Export {
                span: Index(
                    3,
                ),
                typ: Type {
                    name: CapitalizedIdentifier {
                        name: SymbolU32 {
                            value: 2,
                        },
                        span: Index(
                            1,
                        ),
                    },
                    constructors: [
                        CapitalizedIdentifier {
                            name: SymbolU32 {
                                value: 3,
                            },
                            span: Index(
                                2,
                            ),
                        },
                    ],
                },
            },
        ],
        imports: [],
        definitions: [],
        type_definitions: [
            TypeDefinition {
                span: Index(
                    7,
                ),
                name: CapitalizedIdentifier {
                    name: SymbolU32 {
                        value: 2,
                    },
                    span: Index(
                        4,
                    ),
                },
                vars: [],
                typ: Union {
                    constructors: [
                        Constructor {
                            span: Index(
                                6,
                            ),
                            name: CapitalizedIdentifier {
                                name: SymbolU32 {
                                    value: 3,
                                },
                                span: Index(
                                    5,
                                ),
                            },
                            params: [],
                        },
                    ],
                },
            },
        ],
    },
    [],
)
