---
source: src/parser.rs
expression: "parse(\"1 == 2 / 3\")"

---
Input:

1 == 2 / 3

Result:

Node {
    start: 0,
    end: 10,
    line: 1,
    column: 0,
    value: Binary(
        Node {
            start: 2,
            end: 4,
            line: 1,
            column: 2,
            value: Identifier(
                Node {
                    start: 2,
                    end: 4,
                    line: 1,
                    column: 2,
                    value: Identifier_ {
                        name: "(==)",
                    },
                },
            ),
        },
        Node {
            start: 2,
            end: 4,
            line: 1,
            column: 2,
            value: Binop_ {
                typ: Equal,
                precedence: 11,
                associativity: LTR,
                fn_: Identifier_ {
                    name: "(==)",
                },
            },
        },
        [
            Node {
                start: 0,
                end: 1,
                line: 1,
                column: 0,
                value: Float(
                    1.0,
                ),
            },
            Node {
                start: 5,
                end: 10,
                line: 1,
                column: 5,
                value: Binary(
                    Node {
                        start: 7,
                        end: 8,
                        line: 1,
                        column: 7,
                        value: Identifier(
                            Node {
                                start: 7,
                                end: 8,
                                line: 1,
                                column: 7,
                                value: Identifier_ {
                                    name: "(/)",
                                },
                            },
                        ),
                    },
                    Node {
                        start: 7,
                        end: 8,
                        line: 1,
                        column: 7,
                        value: Binop_ {
                            typ: Division,
                            precedence: 15,
                            associativity: LTR,
                            fn_: Identifier_ {
                                name: "(/)",
                            },
                        },
                    },
                    [
                        Node {
                            start: 5,
                            end: 6,
                            line: 1,
                            column: 5,
                            value: Float(
                                2.0,
                            ),
                        },
                        Node {
                            start: 9,
                            end: 10,
                            line: 1,
                            column: 9,
                            value: Float(
                                3.0,
                            ),
                        },
                    ],
                ),
            },
        ],
    ),
}
