---
source: src/parser.rs
assertion_line: 2821
expression: "parse(\"\\\nmodule Test\n\nmodule Test.Test2\n\n    module i_am_not_PascalCase\n        test = 1\n\")"
---
Input:

module Test

module Test.Test2

    module i_am_not_PascalCase
        test = 1


Result:

Test.alma:5:11

Invalid module name 'i_am_not_PascalCase'.

Module names have to be `PascalCase` and also not have extraneous characters, because they need to match the file name in the file system.

  3│  module Test.Test2
  4│  
  5│      module i_am_not_PascalCase
   │             ↑↑↑↑↑↑↑↑↑↑↑↑↑↑↑↑↑↑↑
  6│          test = 1

Error {
    kind: InvalidModuleNameSegment,
    token: Token {
        kind: Identifier(
            SymbolU32 {
                value: 3,
            },
        ),
        indent: 4,
        start: 43,
        end: 62,
        line: 5,
        column: 11,
    },
}
