---
source: src/parser.rs
assertion_line: 2195
expression: "parse(\"fun arg\")"
---
Input:

fun arg

Result:

Node {
    start: 0,
    end: 1,
    value: Expression_ {
        typ: RefCell {
            value: None,
        },
        expr: FnCall(
            Node {
                start: 0,
                end: 0,
                value: Expression_ {
                    typ: RefCell {
                        value: None,
                    },
                    expr: Identifier(
                        None,
                        Identifier(
                            Node {
                                start: 0,
                                end: 0,
                                value: Identifier_ {
                                    name: SymbolU32 {
                                        value: 1,
                                    },
                                },
                            },
                        ),
                    ),
                },
            },
            [
                Node {
                    start: 1,
                    end: 1,
                    value: Expression_ {
                        typ: RefCell {
                            value: None,
                        },
                        expr: Identifier(
                            None,
                            Identifier(
                                Node {
                                    start: 1,
                                    end: 1,
                                    value: Identifier_ {
                                        name: SymbolU32 {
                                            value: 2,
                                        },
                                    },
                                },
                            ),
                        ),
                    },
                },
            ],
        ),
    },
}
