---
source: src/parser.rs
assertion_line: 2198
expression: "parse(\"variable_one\")"
---
Input:

variable_one

Result:

Expression {
    span: Index(
        0,
    ),
    typ: RefCell {
        value: None,
    },
    expr: Identifier {
        module: None,
        identifier: Identifier(
            Identifier {
                name: SymbolU32 {
                    value: 1,
                },
                span: Index(
                    0,
                ),
            },
        ),
    },
}
