---
source: src/parser.rs
assertion_line: 2340
expression: "parse(\"\\\nlet\n  x = a\n    x\n b = 5\nin\nx\")"
---
Input:

let
  x = a
    x
 b = 5
in
x

Result:

Node {
    start: Index(
        0,
    ),
    end: Index(
        9,
    ),
    value: Expression_ {
        typ: RefCell {
            value: None,
        },
        expr: Let {
            definitions: [
                Untyped(
                    Pattern(
                        Node {
                            start: Index(
                                1,
                            ),
                            end: Index(
                                1,
                            ),
                            value: Identifier(
                                Node {
                                    start: Index(
                                        1,
                                    ),
                                    end: Index(
                                        1,
                                    ),
                                    value: Identifier_ {
                                        name: SymbolU32 {
                                            value: 1,
                                        },
                                    },
                                },
                            ),
                        },
                        Node {
                            start: Index(
                                3,
                            ),
                            end: Index(
                                4,
                            ),
                            value: Expression_ {
                                typ: RefCell {
                                    value: None,
                                },
                                expr: FnCall {
                                    function: Node {
                                        start: Index(
                                            3,
                                        ),
                                        end: Index(
                                            3,
                                        ),
                                        value: Expression_ {
                                            typ: RefCell {
                                                value: None,
                                            },
                                            expr: Identifier {
                                                module: None,
                                                identifier: Identifier(
                                                    Node {
                                                        start: Index(
                                                            3,
                                                        ),
                                                        end: Index(
                                                            3,
                                                        ),
                                                        value: Identifier_ {
                                                            name: SymbolU32 {
                                                                value: 2,
                                                            },
                                                        },
                                                    },
                                                ),
                                            },
                                        },
                                    },
                                    arguments: [
                                        Node {
                                            start: Index(
                                                4,
                                            ),
                                            end: Index(
                                                4,
                                            ),
                                            value: Expression_ {
                                                typ: RefCell {
                                                    value: None,
                                                },
                                                expr: Identifier {
                                                    module: None,
                                                    identifier: Identifier(
                                                        Node {
                                                            start: Index(
                                                                4,
                                                            ),
                                                            end: Index(
                                                                4,
                                                            ),
                                                            value: Identifier_ {
                                                                name: SymbolU32 {
                                                                    value: 1,
                                                                },
                                                            },
                                                        },
                                                    ),
                                                },
                                            },
                                        },
                                    ],
                                },
                            },
                        },
                    ),
                ),
                Untyped(
                    Pattern(
                        Node {
                            start: Index(
                                5,
                            ),
                            end: Index(
                                5,
                            ),
                            value: Identifier(
                                Node {
                                    start: Index(
                                        5,
                                    ),
                                    end: Index(
                                        5,
                                    ),
                                    value: Identifier_ {
                                        name: SymbolU32 {
                                            value: 3,
                                        },
                                    },
                                },
                            ),
                        },
                        Node {
                            start: Index(
                                7,
                            ),
                            end: Index(
                                7,
                            ),
                            value: Expression_ {
                                typ: RefCell {
                                    value: None,
                                },
                                expr: Float(
                                    5.0,
                                ),
                            },
                        },
                    ),
                ),
            ],
            body: Node {
                start: Index(
                    9,
                ),
                end: Index(
                    9,
                ),
                value: Expression_ {
                    typ: RefCell {
                        value: None,
                    },
                    expr: Identifier {
                        module: None,
                        identifier: Identifier(
                            Node {
                                start: Index(
                                    9,
                                ),
                                end: Index(
                                    9,
                                ),
                                value: Identifier_ {
                                    name: SymbolU32 {
                                        value: 1,
                                    },
                                },
                            },
                        ),
                    },
                },
            },
        },
    },
}
