---
source: src/parser.rs
assertion_line: 2469
expression: "parse(\"\\\nmodule Test\n\na = 1 + 2 + 3\n\nb = * add\n  5\")"
---
Input:

module Test

a = 1 + 2 + 3

b = * add
  5

Result:

:5:4

Expected an expression for the right side of the definition, but instead found: `*`

  3│  a = 1 + 2 + 3
  4│  
  5│  b = * add
   │      ↑
  6│    5

Error {
    kind: InvalidLetBindingRhs,
    token: Token {
        kind: Star,
        indent: 0,
        start: 32,
        end: 33,
        line: 5,
        column: 4,
    },
}
