---
source: src/parser.rs
assertion_line: 2344
expression: "parse(\"\\\nlet\n  incr n = n + 1\nin\nincr 5\n\")"
---
Input:

let
  incr n = n + 1
in
incr 5


Result:

Node {
    start: Idx(
        0,
    ),
    end: Idx(
        9,
    ),
    value: Expression_ {
        typ: RefCell {
            value: None,
        },
        expr: Let(
            [
                Untyped(
                    Lambda(
                        Node {
                            start: Idx(
                                1,
                            ),
                            end: Idx(
                                1,
                            ),
                            value: Identifier_ {
                                name: SymbolU32 {
                                    value: 1,
                                },
                            },
                        },
                        Lambda {
                            parameters: [
                                Node {
                                    start: Idx(
                                        2,
                                    ),
                                    end: Idx(
                                        2,
                                    ),
                                    value: Identifier(
                                        Node {
                                            start: Idx(
                                                2,
                                            ),
                                            end: Idx(
                                                2,
                                            ),
                                            value: Identifier_ {
                                                name: SymbolU32 {
                                                    value: 2,
                                                },
                                            },
                                        },
                                    ),
                                },
                            ],
                            body: Node {
                                start: Idx(
                                    4,
                                ),
                                end: Idx(
                                    6,
                                ),
                                value: Expression_ {
                                    typ: RefCell {
                                        value: None,
                                    },
                                    expr: Binary(
                                        Node {
                                            start: Idx(
                                                5,
                                            ),
                                            end: Idx(
                                                5,
                                            ),
                                            value: Expression_ {
                                                typ: RefCell {
                                                    value: None,
                                                },
                                                expr: Identifier(
                                                    None,
                                                    Identifier(
                                                        Node {
                                                            start: Idx(
                                                                5,
                                                            ),
                                                            end: Idx(
                                                                5,
                                                            ),
                                                            value: Identifier_ {
                                                                name: SymbolU32 {
                                                                    value: 5,
                                                                },
                                                            },
                                                        },
                                                    ),
                                                ),
                                            },
                                        },
                                        Node {
                                            start: Idx(
                                                5,
                                            ),
                                            end: Idx(
                                                5,
                                            ),
                                            value: Binop_ {
                                                typ: Addition,
                                                precedence: 14,
                                                associativity: Ltr,
                                            },
                                        },
                                        [
                                            Node {
                                                start: Idx(
                                                    4,
                                                ),
                                                end: Idx(
                                                    4,
                                                ),
                                                value: Expression_ {
                                                    typ: RefCell {
                                                        value: None,
                                                    },
                                                    expr: Identifier(
                                                        None,
                                                        Identifier(
                                                            Node {
                                                                start: Idx(
                                                                    4,
                                                                ),
                                                                end: Idx(
                                                                    4,
                                                                ),
                                                                value: Identifier_ {
                                                                    name: SymbolU32 {
                                                                        value: 2,
                                                                    },
                                                                },
                                                            },
                                                        ),
                                                    ),
                                                },
                                            },
                                            Node {
                                                start: Idx(
                                                    6,
                                                ),
                                                end: Idx(
                                                    6,
                                                ),
                                                value: Expression_ {
                                                    typ: RefCell {
                                                        value: None,
                                                    },
                                                    expr: Float(
                                                        1.0,
                                                    ),
                                                },
                                            },
                                        ],
                                    ),
                                },
                            },
                        },
                    ),
                ),
            ],
            Node {
                start: Idx(
                    8,
                ),
                end: Idx(
                    9,
                ),
                value: Expression_ {
                    typ: RefCell {
                        value: None,
                    },
                    expr: FnCall(
                        Node {
                            start: Idx(
                                8,
                            ),
                            end: Idx(
                                8,
                            ),
                            value: Expression_ {
                                typ: RefCell {
                                    value: None,
                                },
                                expr: Identifier(
                                    None,
                                    Identifier(
                                        Node {
                                            start: Idx(
                                                8,
                                            ),
                                            end: Idx(
                                                8,
                                            ),
                                            value: Identifier_ {
                                                name: SymbolU32 {
                                                    value: 1,
                                                },
                                            },
                                        },
                                    ),
                                ),
                            },
                        },
                        [
                            Node {
                                start: Idx(
                                    9,
                                ),
                                end: Idx(
                                    9,
                                ),
                                value: Expression_ {
                                    typ: RefCell {
                                        value: None,
                                    },
                                    expr: Float(
                                        5.0,
                                    ),
                                },
                            },
                        ],
                    ),
                },
            },
        ),
    },
}
