---
source: src/parser.rs
expression: "parse(\"{ 5 | x = 1 }\")"

---
Input:

{ 5 | x = 1 }

Result:

Node {
    start: 0,
    end: 13,
    line: 1,
    column: 0,
    value: Expression_ {
        typ: RefCell {
            value: None,
        },
        expr: RecordUpdate(
            Node {
                start: 2,
                end: 3,
                line: 1,
                column: 2,
                value: Expression_ {
                    typ: RefCell {
                        value: None,
                    },
                    expr: Float(
                        5.0,
                    ),
                },
            },
            [
                (
                    Node {
                        start: 6,
                        end: 7,
                        line: 1,
                        column: 6,
                        value: Identifier_ {
                            name: SymbolU32 {
                                value: 1,
                            },
                        },
                    },
                    Node {
                        start: 10,
                        end: 11,
                        line: 1,
                        column: 10,
                        value: Expression_ {
                            typ: RefCell {
                                value: None,
                            },
                            expr: Float(
                                1.0,
                            ),
                        },
                    },
                ),
            ],
        ),
    },
}
